Archive member included to satisfy reference by file (symbol)

/usr/lib/gcc/arm-none-eabi/10.3.1/thumb/v7e-m/nofp/libgcc.a(_arm_muldf3.o)
                              CMakeFiles/Increasing_PI.elf.dir/Core/Src/main.c.obj (__aeabi_dmul)
/usr/lib/gcc/arm-none-eabi/10.3.1/thumb/v7e-m/nofp/libgcc.a(_arm_addsubdf3.o)
                              CMakeFiles/Increasing_PI.elf.dir/Core/Src/main.c.obj (__aeabi_dsub)
/usr/lib/gcc/arm-none-eabi/10.3.1/thumb/v7e-m/nofp/libgcc.a(_arm_muldivdf3.o)
                              CMakeFiles/Increasing_PI.elf.dir/Core/Src/main.c.obj (__aeabi_ddiv)
/usr/lib/gcc/arm-none-eabi/10.3.1/thumb/v7e-m/nofp/libgcc.a(_arm_cmpdf2.o)
                              CMakeFiles/Increasing_PI.elf.dir/Core/Src/main.c.obj (__aeabi_dcmplt)
/usr/lib/gcc/arm-none-eabi/10.3.1/thumb/v7e-m/nofp/libgcc.a(_arm_fixunsdfsi.o)
                              CMakeFiles/Increasing_PI.elf.dir/Core/Src/main.c.obj (__aeabi_d2uiz)
/usr/lib/gcc/arm-none-eabi/10.3.1/thumb/v7e-m/nofp/libgcc.a(_aeabi_uldivmod.o)
                              CMakeFiles/Increasing_PI.elf.dir/Drivers/STM32F4xx_HAL_Driver/Src/stm32f4xx_hal_rcc.c.obj (__aeabi_uldivmod)
/usr/lib/gcc/arm-none-eabi/10.3.1/thumb/v7e-m/nofp/libgcc.a(_udivmoddi4.o)
                              /usr/lib/gcc/arm-none-eabi/10.3.1/thumb/v7e-m/nofp/libgcc.a(_aeabi_uldivmod.o) (__udivmoddi4)
/usr/lib/gcc/arm-none-eabi/10.3.1/thumb/v7e-m/nofp/libgcc.a(_dvmd_tls.o)
                              /usr/lib/gcc/arm-none-eabi/10.3.1/thumb/v7e-m/nofp/libgcc.a(_aeabi_uldivmod.o) (__aeabi_ldiv0)
/usr/lib/gcc/arm-none-eabi/10.3.1/../../../arm-none-eabi/lib/thumb/v7e-m/nofp/libg.a(lib_a-atexit.o)
                              /usr/lib/gcc/arm-none-eabi/10.3.1/../../../arm-none-eabi/lib/thumb/v7e-m/nofp/crt0.o (atexit)
/usr/lib/gcc/arm-none-eabi/10.3.1/../../../arm-none-eabi/lib/thumb/v7e-m/nofp/libg.a(lib_a-errno.o)
                              CMakeFiles/Increasing_PI.elf.dir/Core/Src/syscalls.c.obj (__errno)
/usr/lib/gcc/arm-none-eabi/10.3.1/../../../arm-none-eabi/lib/thumb/v7e-m/nofp/libg.a(lib_a-exit.o)
                              /usr/lib/gcc/arm-none-eabi/10.3.1/../../../arm-none-eabi/lib/thumb/v7e-m/nofp/crt0.o (exit)
/usr/lib/gcc/arm-none-eabi/10.3.1/../../../arm-none-eabi/lib/thumb/v7e-m/nofp/libg.a(lib_a-fini.o)
                              /usr/lib/gcc/arm-none-eabi/10.3.1/../../../arm-none-eabi/lib/thumb/v7e-m/nofp/crt0.o (__libc_fini_array)
/usr/lib/gcc/arm-none-eabi/10.3.1/../../../arm-none-eabi/lib/thumb/v7e-m/nofp/libg.a(lib_a-impure.o)
                              /usr/lib/gcc/arm-none-eabi/10.3.1/../../../arm-none-eabi/lib/thumb/v7e-m/nofp/libg.a(lib_a-exit.o) (_global_impure_ptr)
/usr/lib/gcc/arm-none-eabi/10.3.1/../../../arm-none-eabi/lib/thumb/v7e-m/nofp/libg.a(lib_a-init.o)
                              /usr/lib/gcc/arm-none-eabi/10.3.1/../../../arm-none-eabi/lib/thumb/v7e-m/nofp/crt0.o (__libc_init_array)
/usr/lib/gcc/arm-none-eabi/10.3.1/../../../arm-none-eabi/lib/thumb/v7e-m/nofp/libg.a(lib_a-memset.o)
                              /usr/lib/gcc/arm-none-eabi/10.3.1/../../../arm-none-eabi/lib/thumb/v7e-m/nofp/crt0.o (memset)
/usr/lib/gcc/arm-none-eabi/10.3.1/../../../arm-none-eabi/lib/thumb/v7e-m/nofp/libg.a(lib_a-printf.o)
                              CMakeFiles/Increasing_PI.elf.dir/Core/Src/main.c.obj (printf)
/usr/lib/gcc/arm-none-eabi/10.3.1/../../../arm-none-eabi/lib/thumb/v7e-m/nofp/libg.a(lib_a-vfprintf.o)
                              /usr/lib/gcc/arm-none-eabi/10.3.1/../../../arm-none-eabi/lib/thumb/v7e-m/nofp/libg.a(lib_a-printf.o) (_vfprintf_r)
/usr/lib/gcc/arm-none-eabi/10.3.1/../../../arm-none-eabi/lib/thumb/v7e-m/nofp/libg.a(lib_a-wsetup.o)
                              /usr/lib/gcc/arm-none-eabi/10.3.1/../../../arm-none-eabi/lib/thumb/v7e-m/nofp/libg.a(lib_a-vfprintf.o) (__swsetup_r)
/usr/lib/gcc/arm-none-eabi/10.3.1/../../../arm-none-eabi/lib/thumb/v7e-m/nofp/libg.a(lib_a-__atexit.o)
                              /usr/lib/gcc/arm-none-eabi/10.3.1/../../../arm-none-eabi/lib/thumb/v7e-m/nofp/libg.a(lib_a-atexit.o) (__register_exitproc)
/usr/lib/gcc/arm-none-eabi/10.3.1/../../../arm-none-eabi/lib/thumb/v7e-m/nofp/libg.a(lib_a-__call_atexit.o)
                              /usr/lib/gcc/arm-none-eabi/10.3.1/../../../arm-none-eabi/lib/thumb/v7e-m/nofp/libg.a(lib_a-exit.o) (__call_exitprocs)
/usr/lib/gcc/arm-none-eabi/10.3.1/../../../arm-none-eabi/lib/thumb/v7e-m/nofp/libg.a(lib_a-dtoa.o)
                              /usr/lib/gcc/arm-none-eabi/10.3.1/../../../arm-none-eabi/lib/thumb/v7e-m/nofp/libg.a(lib_a-vfprintf.o) (_dtoa_r)
/usr/lib/gcc/arm-none-eabi/10.3.1/../../../arm-none-eabi/lib/thumb/v7e-m/nofp/libg.a(lib_a-fflush.o)
                              /usr/lib/gcc/arm-none-eabi/10.3.1/../../../arm-none-eabi/lib/thumb/v7e-m/nofp/libg.a(lib_a-vfprintf.o) (_fflush_r)
/usr/lib/gcc/arm-none-eabi/10.3.1/../../../arm-none-eabi/lib/thumb/v7e-m/nofp/libg.a(lib_a-findfp.o)
[...]
Memory Configuration

Name             Origin             Length             Attributes
RAM              0x0000000020000000 0x0000000000010000 xrw
FLASH            0x0000000008000000 0x0000000000040000 xr
*default*        0x0000000000000000 0xffffffffffffffff

Linker script and memory map

LOAD /usr/lib/gcc/arm-none-eabi/10.3.1/thumb/v7e-m/nofp/crti.o
LOAD /usr/lib/gcc/arm-none-eabi/10.3.1/thumb/v7e-m/nofp/crtbegin.o
LOAD /usr/lib/gcc/arm-none-eabi/10.3.1/../../../arm-none-eabi/lib/thumb/v7e-m/nofp/crt0.o
LOAD CMakeFiles/Increasing_PI.elf.dir/Core/Src/gpio.c.obj
LOAD CMakeFiles/Increasing_PI.elf.dir/Core/Src/main.c.obj
LOAD CMakeFiles/Increasing_PI.elf.dir/Core/Src/stm32f4xx_hal_msp.c.obj
LOAD CMakeFiles/Increasing_PI.elf.dir/Core/Src/stm32f4xx_it.c.obj
LOAD CMakeFiles/Increasing_PI.elf.dir/Core/Src/syscalls.c.obj
LOAD CMakeFiles/Increasing_PI.elf.dir/Core/Src/sysmem.c.obj
LOAD CMakeFiles/Increasing_PI.elf.dir/Core/Src/system_stm32f4xx.c.obj
LOAD CMakeFiles/Increasing_PI.elf.dir/Core/Src/tim.c.obj
LOAD CMakeFiles/Increasing_PI.elf.dir/Core/Src/usart.c.obj
LOAD CMakeFiles/Increasing_PI.elf.dir/Core/Startup/startup_stm32f401ccux.s.obj
LOAD CMakeFiles/Increasing_PI.elf.dir/Drivers/STM32F4xx_HAL_Driver/Src/stm32f4xx_hal.c.obj
LOAD CMakeFiles/Increasing_PI.elf.dir/Drivers/STM32F4xx_HAL_Driver/Src/stm32f4xx_hal_cortex.c.obj
LOAD CMakeFiles/Increasing_PI.elf.dir/Drivers/STM32F4xx_HAL_Driver/Src/stm32f4xx_hal_dma.c.obj
LOAD CMakeFiles/Increasing_PI.elf.dir/Drivers/STM32F4xx_HAL_Driver/Src/stm32f4xx_hal_dma_ex.c.obj
LOAD CMakeFiles/Increasing_PI.elf.dir/Drivers/STM32F4xx_HAL_Driver/Src/stm32f4xx_hal_exti.c.obj
LOAD CMakeFiles/Increasing_PI.elf.dir/Drivers/STM32F4xx_HAL_Driver/Src/stm32f4xx_hal_flash.c.obj
LOAD CMakeFiles/Increasing_PI.elf.dir/Drivers/STM32F4xx_HAL_Driver/Src/stm32f4xx_hal_flash_ex.c.obj
LOAD CMakeFiles/Increasing_PI.elf.dir/Drivers/STM32F4xx_HAL_Driver/Src/stm32f4xx_hal_flash_ramfunc.c.obj
LOAD CMakeFiles/Increasing_PI.elf.dir/Drivers/STM32F4xx_HAL_Driver/Src/stm32f4xx_hal_gpio.c.obj
LOAD CMakeFiles/Increasing_PI.elf.dir/Drivers/STM32F4xx_HAL_Driver/Src/stm32f4xx_hal_pwr.c.obj
LOAD CMakeFiles/Increasing_PI.elf.dir/Drivers/STM32F4xx_HAL_Driver/Src/stm32f4xx_hal_pwr_ex.c.obj
LOAD CMakeFiles/Increasing_PI.elf.dir/Drivers/STM32F4xx_HAL_Driver/Src/stm32f4xx_hal_rcc.c.obj
LOAD CMakeFiles/Increasing_PI.elf.dir/Drivers/STM32F4xx_HAL_Driver/Src/stm32f4xx_hal_rcc_ex.c.obj
LOAD CMakeFiles/Increasing_PI.elf.dir/Drivers/STM32F4xx_HAL_Driver/Src/stm32f4xx_hal_tim.c.obj
LOAD CMakeFiles/Increasing_PI.elf.dir/Drivers/STM32F4xx_HAL_Driver/Src/stm32f4xx_hal_tim_ex.c.obj
LOAD CMakeFiles/Increasing_PI.elf.dir/Drivers/STM32F4xx_HAL_Driver/Src/stm32f4xx_hal_uart.c.obj
START GROUP
LOAD /usr/lib/gcc/arm-none-eabi/10.3.1/thumb/v7e-m/nofp/libgcc.a
LOAD /usr/lib/gcc/arm-none-eabi/10.3.1/../../../arm-none-eabi/lib/thumb/v7e-m/nofp/libg.a
LOAD /usr/lib/gcc/arm-none-eabi/10.3.1/../../../arm-none-eabi/lib/thumb/v7e-m/nofp/libc.a
END GROUP
LOAD /usr/lib/gcc/arm-none-eabi/10.3.1/thumb/v7e-m/nofp/crtend.o
LOAD /usr/lib/gcc/arm-none-eabi/10.3.1/thumb/v7e-m/nofp/crtn.o
                0x0000000020010000                _estack = (ORIGIN (RAM) + LENGTH (RAM))
                0x0000000000000200                _Min_Heap_Size = 0x200
                0x0000000000000400                _Min_Stack_Size = 0x400

.isr_vector     0x0000000008000000      0x194
                0x0000000008000000                . = ALIGN (0x4)
 *(.isr_vector)
 .isr_vector    0x0000000008000000      0x194 CMakeFiles/Increasing_PI.elf.dir/Core/Startup/startup_stm32f401ccux.s.obj
                0x0000000008000000                g_pfnVectors
                0x0000000008000194                . = ALIGN (0x4)

.text           0x00000000080001c0     0x8e0c
                0x00000000080001c0                . = ALIGN (0x4)
 *(.text)
 .text          0x00000000080001c0       0x88 /usr/lib/gcc/arm-none-eabi/10.3.1/thumb/v7e-m/nofp/crtbegin.o
 .text          0x0000000008000248      0x378 /usr/lib/gcc/arm-none-eabi/10.3.1/thumb/v7e-m/nofp/libgcc.a(_arm_addsubdf3.o)
                0x0000000008000248                __aeabi_drsub
                0x0000000008000250                __aeabi_dsub
                0x0000000008000250                __subdf3
                0x0000000008000254                __adddf3
                0x0000000008000254                __aeabi_dadd
                0x00000000080004cc                __aeabi_ui2d
                0x00000000080004cc                __floatunsidf
                0x00000000080004ec                __floatsidf
                0x00000000080004ec                __aeabi_i2d
                0x0000000008000510                __extendsfdf2
                0x0000000008000510                __aeabi_f2d
                0x0000000008000554                __aeabi_ul2d
                0x0000000008000554                __floatundidf
                0x0000000008000564                __floatdidf
                0x0000000008000564                __aeabi_l2d
 .text          0x00000000080005c0      0x424 /usr/lib/gcc/arm-none-eabi/10.3.1/thumb/v7e-m/nofp/libgcc.a(_arm_muldivdf3.o)
                0x00000000080005c0                __aeabi_dmul
                0x00000000080005c0                __muldf3
                0x0000000008000814                __aeabi_ddiv
                0x0000000008000814                __divdf3
 .text          0x00000000080009e4      0x110 /usr/lib/gcc/arm-none-eabi/10.3.1/thumb/v7e-m/nofp/libgcc.a(_arm_cmpdf2.o)
                0x00000000080009e4                __gtdf2
                0x00000000080009e4                __gedf2
                0x00000000080009ec                __ltdf2
                0x00000000080009ec                __ledf2
                0x00000000080009f4                __cmpdf2
                0x00000000080009f4                __eqdf2
                0x00000000080009f4                __nedf2
                0x0000000008000a70                __aeabi_cdrcmple
                0x0000000008000a80                __aeabi_cdcmple
                0x0000000008000a80                __aeabi_cdcmpeq
                0x0000000008000a90                __aeabi_dcmpeq
                0x0000000008000aa4                __aeabi_dcmplt
                0x0000000008000ab8                __aeabi_dcmple
                0x0000000008000acc                __aeabi_dcmpge
                0x0000000008000ae0                __aeabi_dcmpgt
 .text          0x0000000008000af4       0x40 /usr/lib/gcc/arm-none-eabi/10.3.1/thumb/v7e-m/nofp/libgcc.a(_arm_fixunsdfsi.o)
                0x0000000008000af4                __fixunsdfsi
                0x0000000008000af4                __aeabi_d2uiz
 .text          0x0000000008000b34       0x30 /usr/lib/gcc/arm-none-eabi/10.3.1/thumb/v7e-m/nofp/libgcc.a(_aeabi_uldivmod.o)
                0x0000000008000b34                __aeabi_uldivmod
 .text          0x0000000008000b64      0x2d0 /usr/lib/gcc/arm-none-eabi/10.3.1/thumb/v7e-m/nofp/libgcc.a(_udivmoddi4.o)
                0x0000000008000b64                __udivmoddi4
 .text          0x0000000008000e34        0x4 /usr/lib/gcc/arm-none-eabi/10.3.1/thumb/v7e-m/nofp/libgcc.a(_dvmd_tls.o)
                0x0000000008000e34                __aeabi_ldiv0
                0x0000000008000e34                __aeabi_idiv0
 .text          0x0000000008000e38        0xc /usr/lib/gcc/arm-none-eabi/10.3.1/../../../arm-none-eabi/lib/thumb/v7e-m/nofp/libg.a(lib_a-atexit.o)
                0x0000000008000e38                atexit
 .text          0x0000000008000e44        0xc /usr/lib/gcc/arm-none-eabi/10.3.1/../../../arm-none-eabi/lib/thumb/v7e-m/nofp/libg.a(lib_a-errno.o)
                0x0000000008000e44                __errno
 .text          0x0000000008000e50       0x2c /usr/lib/gcc/arm-none-eabi/10.3.1/../../../arm-none-eabi/lib/thumb/v7e-m/nofp/libg.a(lib_a-fini.o)
                0x0000000008000e50                __libc_fini_array
 .text          0x0000000008000e7c       0x48 /usr/lib/gcc/arm-none-eabi/10.3.1/../../../arm-none-eabi/lib/thumb/v7e-m/nofp/libg.a(lib_a-init.o)
                0x0000000008000e7c                __libc_init_array
 .text          0x0000000008000ec4       0xa4 /usr/lib/gcc/arm-none-eabi/10.3.1/../../../arm-none-eabi/lib/thumb/v7e-m/nofp/libg.a(lib_a-memset.o)
                0x0000000008000ec4                memset
 .text          0x0000000008000f68       0x48 /usr/lib/gcc/arm-none-eabi/10.3.1/../../../arm-none-eabi/lib/thumb/v7e-m/nofp/libg.a(lib_a-printf.o)
                0x0000000008000f68                _printf_r
                0x0000000008000f88                printf
 .text          0x0000000008000fb0     0x1524 /usr/lib/gcc/arm-none-eabi/10.3.1/../../../arm-none-eabi/lib/thumb/v7e-m/nofp/libg.a(lib_a-vfprintf.o)
                0x0000000008000fb0                _vfprintf_r
                0x0000000008002450                vfprintf
 .text          0x00000000080024d4       0xd4 /usr/lib/gcc/arm-none-eabi/10.3.1/../../../arm-none-eabi/lib/thumb/v7e-m/nofp/libg.a(lib_a-wsetup.o)
                0x00000000080024d4                __swsetup_r
 .text          0x00000000080025a8       0x68 /usr/lib/gcc/arm-none-eabi/10.3.1/../../../arm-none-eabi/lib/thumb/v7e-m/nofp/libg.a(lib_a-__atexit.o)
                0x00000000080025a8                __register_exitproc
 .text          0x0000000008002610      0xfe4 /usr/lib/gcc/arm-none-eabi/10.3.1/../../../arm-none-eabi/lib/thumb/v7e-m/nofp/libg.a(lib_a-dtoa.o)
                0x0000000008002734                _dtoa_r
 .text          0x00000000080035f4      0x19c /usr/lib/gcc/arm-none-eabi/10.3.1/../../../arm-none-eabi/lib/thumb/v7e-m/nofp/libg.a(lib_a-fflush.o)
                0x00000000080035f4                __sflush_r
                0x0000000008003714                _fflush_r
                0x0000000008003740                fflush
 .text          0x0000000008003790      0x218 /usr/lib/gcc/arm-none-eabi/10.3.1/../../../arm-none-eabi/lib/thumb/v7e-m/nofp/libg.a(lib_a-findfp.o)
                0x0000000008003794                _cleanup_r
                0x000000000800387c                __sfmoreglue
                0x00000000080038ac                __sfp
                0x0000000008003954                _cleanup
                0x0000000008003968                __sinit
                0x0000000008003970                __sfp_lock_acquire
                0x0000000008003974                __sfp_lock_release
                0x0000000008003978                __sinit_lock_acquire
                0x000000000800397c                __sinit_lock_release
                0x0000000008003980                __fp_lock_all
                0x0000000008003994                __fp_unlock_all
 .text          0x00000000080039a8      0x2ac /usr/lib/gcc/arm-none-eabi/10.3.1/../../../arm-none-eabi/lib/thumb/v7e-m/nofp/libg.a(lib_a-freer.o)
                0x00000000080039a8                _malloc_trim_r
                0x0000000008003a48                _free_r
 .text          0x0000000008003c54       0x88 /usr/lib/gcc/arm-none-eabi/10.3.1/../../../arm-none-eabi/lib/thumb/v7e-m/nofp/libg.a(lib_a-fwalk.o)
                0x0000000008003c54                _fwalk
                0x0000000008003c94                _fwalk_reent
 .text          0x0000000008003cdc       0x14 /usr/lib/gcc/arm-none-eabi/10.3.1/../../../arm-none-eabi/lib/thumb/v7e-m/nofp/libg.a(lib_a-localeconv.o)
                0x0000000008003cdc                __localeconv_l
                0x0000000008003ce0                _localeconv_r
                0x0000000008003ce8                localeconv
 .text          0x0000000008003cf0      0x140 /usr/lib/gcc/arm-none-eabi/10.3.1/../../../arm-none-eabi/lib/thumb/v7e-m/nofp/libg.a(lib_a-makebuf.o)
                0x0000000008003cf0                __smakebuf_r
                0x0000000008003dd0                __swhatbuf_r
 .text          0x0000000008003e30      0x554 /usr/lib/gcc/arm-none-eabi/10.3.1/../../../arm-none-eabi/lib/thumb/v7e-m/nofp/libg.a(lib_a-mallocr.o)
                0x0000000008003e30                _malloc_r
 *fill*         0x0000000008004384        0xc 
 .text          0x0000000008004390       0xa0 /usr/lib/gcc/arm-none-eabi/10.3.1/../../../arm-none-eabi/lib/thumb/v7e-m/nofp/libg.a(lib_a-memchr.o)
                0x0000000008004390                memchr
 .text          0x0000000008004430      0x134 /usr/lib/gcc/arm-none-eabi/10.3.1/../../../arm-none-eabi/lib/thumb/v7e-m/nofp/libg.a(lib_a-memcpy.o)
                0x0000000008004430                memcpy
 .text          0x0000000008004564        0x8 /usr/lib/gcc/arm-none-eabi/10.3.1/../../../arm-none-eabi/lib/thumb/v7e-m/nofp/libg.a(lib_a-mlock.o)
                0x0000000008004564                __malloc_lock
                0x0000000008004568                __malloc_unlock
 .text          0x000000000800456c      0xa6c /usr/lib/gcc/arm-none-eabi/10.3.1/../../../arm-none-eabi/lib/thumb/v7e-m/nofp/libg.a(lib_a-mprec.o)
                0x000000000800456c                _Balloc
                0x00000000080045b8                _Bfree
                0x00000000080045cc                __multadd
                0x000000000800466c                __s2b
                0x0000000008004720                __hi0bits
                0x0000000008004760                __lo0bits
                0x00000000080047bc                __i2b
                0x0000000008004818                __multiply
                0x0000000008004974                __pow5mult
                0x0000000008004a34                __lshift
                0x0000000008004b24                __mcmp
                0x0000000008004b64                __mdiff
                0x0000000008004cb0                __ulp
                0x0000000008004cf4                __b2d
                0x0000000008004dc4                __d2b
                0x0000000008004e88                __ratio
                0x0000000008004ee4                _mprec_log10
                0x0000000008004f1c                __copybits
                0x0000000008004f78                __any_on
 .text          0x0000000008004fd8       0x24 /usr/lib/gcc/arm-none-eabi/10.3.1/../../../arm-none-eabi/lib/thumb/v7e-m/nofp/libg.a(lib_a-sbrkr.o)
                0x0000000008004fd8                _sbrk_r
 .text          0x0000000008004ffc       0x90 /usr/lib/gcc/arm-none-eabi/10.3.1/../../../arm-none-eabi/lib/thumb/v7e-m/nofp/libg.a(lib_a-stdio.o)
                0x0000000008004ffc                __sread
                0x0000000008005020                __seofread
                0x0000000008005024                __swrite
                0x0000000008005064                __sseek
                0x0000000008005084                __sclose
 *fill*         0x000000000800508c       0x34 
 .text          0x00000000080050c0       0xdc /usr/lib/gcc/arm-none-eabi/10.3.1/../../../arm-none-eabi/lib/thumb/v7e-m/nofp/libg.a(lib_a-strlen.o)
                0x00000000080050c0                strlen
 .text          0x000000000800519c      0xd40 /usr/lib/gcc/arm-none-eabi/10.3.1/../../../arm-none-eabi/lib/thumb/v7e-m/nofp/libg.a(lib_a-vfiprintf.o)
                0x0000000008005214                __sprint_r
                0x0000000008005228                _vfiprintf_r
                0x0000000008005e58                vfiprintf
 .text          0x0000000008005edc       0x2c /usr/lib/gcc/arm-none-eabi/10.3.1/../../../arm-none-eabi/lib/thumb/v7e-m/nofp/libg.a(lib_a-writer.o)
                0x0000000008005edc                _write_r
 .text          0x0000000008005f08       0x4c /usr/lib/gcc/arm-none-eabi/10.3.1/../../../arm-none-eabi/lib/thumb/v7e-m/nofp/libg.a(lib_a-assert.o)
                0x0000000008005f08                __assert_func
                0x0000000008005f48                __assert
 .text          0x0000000008005f54       0x60 /usr/lib/gcc/arm-none-eabi/10.3.1/../../../arm-none-eabi/lib/thumb/v7e-m/nofp/libg.a(lib_a-callocr.o)
                0x0000000008005f54                _calloc_r
 .text          0x0000000008005fb4       0x24 /usr/lib/gcc/arm-none-eabi/10.3.1/../../../arm-none-eabi/lib/thumb/v7e-m/nofp/libg.a(lib_a-closer.o)
                0x0000000008005fb4                _close_r
 .text          0x0000000008005fd8       0xd4 /usr/lib/gcc/arm-none-eabi/10.3.1/../../../arm-none-eabi/lib/thumb/v7e-m/nofp/libg.a(lib_a-fclose.o)
                0x000000000800603c                _fclose_r
                0x0000000008006070                fclose
 .text          0x00000000080060ac       0x44 /usr/lib/gcc/arm-none-eabi/10.3.1/../../../arm-none-eabi/lib/thumb/v7e-m/nofp/libg.a(lib_a-fiprintf.o)
                0x00000000080060ac                _fiprintf_r
                0x00000000080060c8                fiprintf
 .text          0x00000000080060f0      0x10c /usr/lib/gcc/arm-none-eabi/10.3.1/../../../arm-none-eabi/lib/thumb/v7e-m/nofp/libg.a(lib_a-fputwc.o)
                0x00000000080060f0                __fputwc
                0x0000000008006198                _fputwc_r
                0x00000000080061bc                fputwc
 .text          0x00000000080061fc       0x2c /usr/lib/gcc/arm-none-eabi/10.3.1/../../../arm-none-eabi/lib/thumb/v7e-m/nofp/libg.a(lib_a-fstatr.o)
                0x00000000080061fc                _fstat_r
 .text          0x0000000008006228      0x2e8 /usr/lib/gcc/arm-none-eabi/10.3.1/../../../arm-none-eabi/lib/thumb/v7e-m/nofp/libg.a(lib_a-fvwrite.o)
                0x0000000008006228                __sfvwrite_r
 .text          0x0000000008006510       0x24 /usr/lib/gcc/arm-none-eabi/10.3.1/../../../arm-none-eabi/lib/thumb/v7e-m/nofp/libg.a(lib_a-isattyr.o)
                0x0000000008006510                _isatty_r
 .text          0x0000000008006534       0x8c /usr/lib/gcc/arm-none-eabi/10.3.1/../../../arm-none-eabi/lib/thumb/v7e-m/nofp/libg.a(lib_a-locale.o)
                0x0000000008006534                _setlocale_r
                0x0000000008006574                __locale_mb_cur_max
                0x0000000008006580                setlocale
 .text          0x00000000080065c0       0x2c /usr/lib/gcc/arm-none-eabi/10.3.1/../../../arm-none-eabi/lib/thumb/v7e-m/nofp/libg.a(lib_a-lseekr.o)
                0x00000000080065c0                _lseek_r
 .text          0x00000000080065ec       0x40 /usr/lib/gcc/arm-none-eabi/10.3.1/../../../arm-none-eabi/lib/thumb/v7e-m/nofp/libg.a(lib_a-mbtowc_r.o)
                0x00000000080065ec                _mbtowc_r
                0x0000000008006600                __ascii_mbtowc
 .text          0x000000000800662c       0xf8 /usr/lib/gcc/arm-none-eabi/10.3.1/../../../arm-none-eabi/lib/thumb/v7e-m/nofp/libg.a(lib_a-memmove.o)
                0x000000000800662c                memmove
 .text          0x0000000008006724       0x2c /usr/lib/gcc/arm-none-eabi/10.3.1/../../../arm-none-eabi/lib/thumb/v7e-m/nofp/libg.a(lib_a-readr.o)
                0x0000000008006724                _read_r
 .text          0x0000000008006750      0x3d8 /usr/lib/gcc/arm-none-eabi/10.3.1/../../../arm-none-eabi/lib/thumb/v7e-m/nofp/libg.a(lib_a-reallocr.o)
                0x0000000008006750                _realloc_r
 *fill*         0x0000000008006b28       0x18 
 .text          0x0000000008006b40      0x2dc /usr/lib/gcc/arm-none-eabi/10.3.1/../../../arm-none-eabi/lib/thumb/v7e-m/nofp/libg.a(lib_a-strcmp.o)
                0x0000000008006b48                strcmp
 .text          0x0000000008006e1c       0xc8 /usr/lib/gcc/arm-none-eabi/10.3.1/../../../arm-none-eabi/lib/thumb/v7e-m/nofp/libg.a(lib_a-wbuf.o)
                0x0000000008006e1c                __swbuf_r
                0x0000000008006ecc                __swbuf
 .text          0x0000000008006ee4       0x8c /usr/lib/gcc/arm-none-eabi/10.3.1/../../../arm-none-eabi/lib/thumb/v7e-m/nofp/libg.a(lib_a-wcrtomb.o)
                0x0000000008006ee4                _wcrtomb_r
                0x0000000008006f20                wcrtomb
 .text          0x0000000008006f70       0x30 /usr/lib/gcc/arm-none-eabi/10.3.1/../../../arm-none-eabi/lib/thumb/v7e-m/nofp/libg.a(lib_a-wctomb_r.o)
                0x0000000008006f70                _wctomb_r
                0x0000000008006f84                __ascii_wctomb
 .text          0x0000000008006fa0       0x10 /usr/lib/gcc/arm-none-eabi/10.3.1/../../../arm-none-eabi/lib/thumb/v7e-m/nofp/libg.a(lib_a-abort.o)
                0x0000000008006fa0                abort
 .text          0x0000000008006fb0      0x288 /usr/lib/gcc/arm-none-eabi/10.3.1/../../../arm-none-eabi/lib/thumb/v7e-m/nofp/libg.a(lib_a-signal.o)
                0x0000000008006fb0                _init_signal_r
                0x0000000008006fe0                _signal_r
                0x000000000800702c                _raise_r
                0x0000000008007084                __sigtramp_r
                0x00000000080070e8                raise
                0x0000000008007144                signal
                0x0000000008007198                _init_signal
                0x00000000080071d0                __sigtramp
 .text          0x0000000008007238       0x30 /usr/lib/gcc/arm-none-eabi/10.3.1/../../../arm-none-eabi/lib/thumb/v7e-m/nofp/libg.a(lib_a-signalr.o)
                0x0000000008007238                _kill_r
                0x0000000008007264                _getpid_r
 .text          0x0000000008007268       0x2c /usr/lib/gcc/arm-none-eabi/10.3.1/thumb/v7e-m/nofp/libgcc.a(_arm_unorddf2.o)
                0x0000000008007268                __aeabi_dcmpun
                0x0000000008007268                __unorddf2
 .text          0x0000000008007294       0x50 /usr/lib/gcc/arm-none-eabi/10.3.1/thumb/v7e-m/nofp/libgcc.a(_arm_fixdfsi.o)
                0x0000000008007294                __fixdfsi
                0x0000000008007294                __aeabi_d2iz
 *(.text*)
 .text.MX_GPIO_Init
                0x00000000080072e4       0xac CMakeFiles/Increasing_PI.elf.dir/Core/Src/gpio.c.obj
                0x00000000080072e4                MX_GPIO_Init
 .text.MotorSpeedCompute_Start
                0x0000000008007390       0x10 CMakeFiles/Increasing_PI.elf.dir/Core/Src/main.c.obj
                0x0000000008007390                MotorSpeedCompute_Start
 .text.MotorPWM_Start
                0x00000000080073a0       0x1c CMakeFiles/Increasing_PI.elf.dir/Core/Src/main.c.obj
                0x00000000080073a0                MotorPWM_Start
 .text.IncrementalPI
                0x00000000080073bc      0x1e8 CMakeFiles/Increasing_PI.elf.dir/Core/Src/main.c.obj
                0x00000000080073bc                IncrementalPI
 *fill*         0x00000000080075a4        0x4 
 .text.HAL_TIM_PeriodElapsedCallback
                0x00000000080075a8       0xb4 CMakeFiles/Increasing_PI.elf.dir/Core/Src/main.c.obj
                0x00000000080075a8                HAL_TIM_PeriodElapsedCallback
 .text.HAL_GPIO_EXTI_Callback
                0x000000000800765c       0x88 CMakeFiles/Increasing_PI.elf.dir/Core/Src/main.c.obj
                0x000000000800765c                HAL_GPIO_EXTI_Callback
 .text.Error_Handler
                0x00000000080076e4        0x4 CMakeFiles/Increasing_PI.elf.dir/Core/Src/main.c.obj
                0x00000000080076e4                Error_Handler
 .text.SystemClock_Config
                0x00000000080076e8       0xa4 CMakeFiles/Increasing_PI.elf.dir/Core/Src/main.c.obj
                0x00000000080076e8                SystemClock_Config
 *fill*         0x000000000800778c        0x4 
 .text.main     0x0000000008007790       0xb4 CMakeFiles/Increasing_PI.elf.dir/Core/Src/main.c.obj
                0x0000000008007790                main
 .text.HAL_MspInit
                0x0000000008007844       0x38 CMakeFiles/Increasing_PI.elf.dir/Core/Src/stm32f4xx_hal_msp.c.obj
                0x0000000008007844                HAL_MspInit
 .text.NMI_Handler
                0x000000000800787c        0x2 CMakeFiles/Increasing_PI.elf.dir/Core/Src/stm32f4xx_it.c.obj
                0x000000000800787c                NMI_Handler
 .text.HardFault_Handler
                0x000000000800787e        0x2 CMakeFiles/Increasing_PI.elf.dir/Core/Src/stm32f4xx_it.c.obj
                0x000000000800787e                HardFault_Handler
 .text.MemManage_Handler
                0x0000000008007880        0x2 CMakeFiles/Increasing_PI.elf.dir/Core/Src/stm32f4xx_it.c.obj
                0x0000000008007880                MemManage_Handler
 .text.BusFault_Handler
                0x0000000008007882        0x2 CMakeFiles/Increasing_PI.elf.dir/Core/Src/stm32f4xx_it.c.obj
                0x0000000008007882                BusFault_Handler
 .text.UsageFault_Handler
                0x0000000008007884        0x2 CMakeFiles/Increasing_PI.elf.dir/Core/Src/stm32f4xx_it.c.obj
                0x0000000008007884                UsageFault_Handler
 .text.SVC_Handler
                0x0000000008007886        0x2 CMakeFiles/Increasing_PI.elf.dir/Core/Src/stm32f4xx_it.c.obj
                0x0000000008007886                SVC_Handler
 .text.DebugMon_Handler
                0x0000000008007888        0x2 CMakeFiles/Increasing_PI.elf.dir/Core/Src/stm32f4xx_it.c.obj
                0x0000000008007888                DebugMon_Handler
 .text.PendSV_Handler
                0x000000000800788a        0x2 CMakeFiles/Increasing_PI.elf.dir/Core/Src/stm32f4xx_it.c.obj
                0x000000000800788a                PendSV_Handler
 .text.SysTick_Handler
                0x000000000800788c        0x8 CMakeFiles/Increasing_PI.elf.dir/Core/Src/stm32f4xx_it.c.obj
                0x000000000800788c                SysTick_Handler
 .text.EXTI0_IRQHandler
                0x0000000008007894        0xa CMakeFiles/Increasing_PI.elf.dir/Core/Src/stm32f4xx_it.c.obj
                0x0000000008007894                EXTI0_IRQHandler
 .text.EXTI2_IRQHandler
                0x000000000800789e        0xa CMakeFiles/Increasing_PI.elf.dir/Core/Src/stm32f4xx_it.c.obj
                0x000000000800789e                EXTI2_IRQHandler
 .text.TIM1_UP_TIM10_IRQHandler
                0x00000000080078a8       0x10 CMakeFiles/Increasing_PI.elf.dir/Core/Src/stm32f4xx_it.c.obj
                0x00000000080078a8                TIM1_UP_TIM10_IRQHandler
 .text._getpid  0x00000000080078b8        0x4 CMakeFiles/Increasing_PI.elf.dir/Core/Src/syscalls.c.obj
                0x00000000080078b8                _getpid
 .text._kill    0x00000000080078bc       0x10 CMakeFiles/Increasing_PI.elf.dir/Core/Src/syscalls.c.obj
                0x00000000080078bc                _kill
 .text._exit    0x00000000080078cc        0xc CMakeFiles/Increasing_PI.elf.dir/Core/Src/syscalls.c.obj
                0x00000000080078cc                _exit
 .text._read    0x00000000080078d8       0x20 CMakeFiles/Increasing_PI.elf.dir/Core/Src/syscalls.c.obj
                0x00000000080078d8                _read
 .text._write   0x00000000080078f8       0x1c CMakeFiles/Increasing_PI.elf.dir/Core/Src/syscalls.c.obj
                0x00000000080078f8                _write
 .text._close   0x0000000008007914        0x6 CMakeFiles/Increasing_PI.elf.dir/Core/Src/syscalls.c.obj
                0x0000000008007914                _close
 .text._fstat   0x000000000800791a        0xa CMakeFiles/Increasing_PI.elf.dir/Core/Src/syscalls.c.obj
                0x000000000800791a                _fstat
 .text._isatty  0x0000000008007924        0x4 CMakeFiles/Increasing_PI.elf.dir/Core/Src/syscalls.c.obj
                0x0000000008007924                _isatty
 .text._lseek   0x0000000008007928        0x4 CMakeFiles/Increasing_PI.elf.dir/Core/Src/syscalls.c.obj
                0x0000000008007928                _lseek
 .text._sbrk    0x000000000800792c       0x48 CMakeFiles/Increasing_PI.elf.dir/Core/Src/sysmem.c.obj
                0x000000000800792c                _sbrk
 .text.SystemInit
                0x0000000008007974        0x2 CMakeFiles/Increasing_PI.elf.dir/Core/Src/system_stm32f4xx.c.obj
                0x0000000008007974                SystemInit
 *fill*         0x0000000008007976        0x2 
 .text.HAL_TIM_PWM_MspInit
                0x0000000008007978       0x40 CMakeFiles/Increasing_PI.elf.dir/Core/Src/tim.c.obj
                0x0000000008007978                HAL_TIM_PWM_MspInit
 .text.HAL_TIM_MspPostInit
                0x00000000080079b8       0x5c CMakeFiles/Increasing_PI.elf.dir/Core/Src/tim.c.obj
                0x00000000080079b8                HAL_TIM_MspPostInit
 .text.MX_TIM1_Init
                0x0000000008007a14       0xcc CMakeFiles/Increasing_PI.elf.dir/Core/Src/tim.c.obj
                0x0000000008007a14                MX_TIM1_Init
 .text.MX_USART1_UART_Init
                0x0000000008007ae0       0x34 CMakeFiles/Increasing_PI.elf.dir/Core/Src/usart.c.obj
                0x0000000008007ae0                MX_USART1_UART_Init
 .text.HAL_UART_MspInit
                0x0000000008007b14       0x70 CMakeFiles/Increasing_PI.elf.dir/Core/Src/usart.c.obj
                0x0000000008007b14                HAL_UART_MspInit
 .text.__io_putchar
                0x0000000008007b84       0x20 CMakeFiles/Increasing_PI.elf.dir/Core/Src/usart.c.obj
                0x0000000008007b84                __io_putchar
 .text.Reset_Handler
                0x0000000008007ba4       0x50 CMakeFiles/Increasing_PI.elf.dir/Core/Startup/startup_stm32f401ccux.s.obj
                0x0000000008007ba4                Reset_Handler
 .text.Default_Handler
                0x0000000008007bf4        0x2 CMakeFiles/Increasing_PI.elf.dir/Core/Startup/startup_stm32f401ccux.s.obj
                0x0000000008007bf4                RTC_Alarm_IRQHandler
                0x0000000008007bf4                SPI4_IRQHandler
                0x0000000008007bf4                TIM1_CC_IRQHandler
                0x0000000008007bf4                DMA2_Stream5_IRQHandler
                0x0000000008007bf4                DMA1_Stream5_IRQHandler
                0x0000000008007bf4                PVD_IRQHandler
                0x0000000008007bf4                SDIO_IRQHandler
                0x0000000008007bf4                TAMP_STAMP_IRQHandler
                0x0000000008007bf4                EXTI3_IRQHandler
                0x0000000008007bf4                I2C3_ER_IRQHandler
                0x0000000008007bf4                I2C2_EV_IRQHandler
                0x0000000008007bf4                DMA1_Stream2_IRQHandler
                0x0000000008007bf4                FPU_IRQHandler
                0x0000000008007bf4                DMA2_Stream2_IRQHandler
                0x0000000008007bf4                SPI1_IRQHandler
                0x0000000008007bf4                TIM1_BRK_TIM9_IRQHandler
                0x0000000008007bf4                DMA2_Stream3_IRQHandler
                0x0000000008007bf4                USART6_IRQHandler
                0x0000000008007bf4                DMA2_Stream0_IRQHandler
                0x0000000008007bf4                TIM4_IRQHandler
                0x0000000008007bf4                I2C1_EV_IRQHandler
                0x0000000008007bf4                DMA1_Stream6_IRQHandler
                0x0000000008007bf4                DMA1_Stream1_IRQHandler
                0x0000000008007bf4                TIM3_IRQHandler
                0x0000000008007bf4                RCC_IRQHandler
                0x0000000008007bf4                Default_Handler
                0x0000000008007bf4                EXTI15_10_IRQHandler
                0x0000000008007bf4                ADC_IRQHandler
                0x0000000008007bf4                DMA1_Stream7_IRQHandler
                0x0000000008007bf4                TIM5_IRQHandler
                0x0000000008007bf4                DMA2_Stream7_IRQHandler
                0x0000000008007bf4                I2C3_EV_IRQHandler
                0x0000000008007bf4                EXTI9_5_IRQHandler
                0x0000000008007bf4                RTC_WKUP_IRQHandler
                0x0000000008007bf4                SPI2_IRQHandler
                0x0000000008007bf4                DMA1_Stream0_IRQHandler
                0x0000000008007bf4                EXTI4_IRQHandler
                0x0000000008007bf4                WWDG_IRQHandler
                0x0000000008007bf4                TIM2_IRQHandler
                0x0000000008007bf4                OTG_FS_WKUP_IRQHandler
                0x0000000008007bf4                TIM1_TRG_COM_TIM11_IRQHandler
                0x0000000008007bf4                EXTI1_IRQHandler
                0x0000000008007bf4                USART2_IRQHandler
                0x0000000008007bf4                I2C2_ER_IRQHandler
                0x0000000008007bf4                DMA2_Stream1_IRQHandler
                0x0000000008007bf4                FLASH_IRQHandler
                0x0000000008007bf4                DMA2_Stream4_IRQHandler
                0x0000000008007bf4                USART1_IRQHandler
                0x0000000008007bf4                OTG_FS_IRQHandler
                0x0000000008007bf4                SPI3_IRQHandler
                0x0000000008007bf4                DMA1_Stream4_IRQHandler
                0x0000000008007bf4                I2C1_ER_IRQHandler
                0x0000000008007bf4                DMA2_Stream6_IRQHandler
                0x0000000008007bf4                DMA1_Stream3_IRQHandler
 *fill*         0x0000000008007bf6        0x2 
 .text.HAL_InitTick
                0x0000000008007bf8       0x4c CMakeFiles/Increasing_PI.elf.dir/Drivers/STM32F4xx_HAL_Driver/Src/stm32f4xx_hal.c.obj
                0x0000000008007bf8                HAL_InitTick
 .text.HAL_Init
                0x0000000008007c44       0x34 CMakeFiles/Increasing_PI.elf.dir/Drivers/STM32F4xx_HAL_Driver/Src/stm32f4xx_hal.c.obj
                0x0000000008007c44                HAL_Init
 .text.HAL_IncTick
                0x0000000008007c78       0x18 CMakeFiles/Increasing_PI.elf.dir/Drivers/STM32F4xx_HAL_Driver/Src/stm32f4xx_hal.c.obj
                0x0000000008007c78                HAL_IncTick
 .text.HAL_GetTick
                0x0000000008007c90        0xc CMakeFiles/Increasing_PI.elf.dir/Drivers/STM32F4xx_HAL_Driver/Src/stm32f4xx_hal.c.obj
                0x0000000008007c90                HAL_GetTick
 .text.HAL_NVIC_SetPriorityGrouping
                0x0000000008007c9c       0x24 CMakeFiles/Increasing_PI.elf.dir/Drivers/STM32F4xx_HAL_Driver/Src/stm32f4xx_hal_cortex.c.obj
                0x0000000008007c9c                HAL_NVIC_SetPriorityGrouping
 .text.HAL_NVIC_SetPriority
                0x0000000008007cc0       0x70 CMakeFiles/Increasing_PI.elf.dir/Drivers/STM32F4xx_HAL_Driver/Src/stm32f4xx_hal_cortex.c.obj
                0x0000000008007cc0                HAL_NVIC_SetPriority
 .text.HAL_NVIC_EnableIRQ
                0x0000000008007d30       0x1c CMakeFiles/Increasing_PI.elf.dir/Drivers/STM32F4xx_HAL_Driver/Src/stm32f4xx_hal_cortex.c.obj
                0x0000000008007d30                HAL_NVIC_EnableIRQ
 .text.HAL_SYSTICK_Config
                0x0000000008007d4c       0x28 CMakeFiles/Increasing_PI.elf.dir/Drivers/STM32F4xx_HAL_Driver/Src/stm32f4xx_hal_cortex.c.obj
                0x0000000008007d4c                HAL_SYSTICK_Config
 .text.HAL_GPIO_Init
                0x0000000008007d74      0x1c0 CMakeFiles/Increasing_PI.elf.dir/Drivers/STM32F4xx_HAL_Driver/Src/stm32f4xx_hal_gpio.c.obj
                0x0000000008007d74                HAL_GPIO_Init
 .text.HAL_GPIO_ReadPin
                0x0000000008007f34        0xe CMakeFiles/Increasing_PI.elf.dir/Drivers/STM32F4xx_HAL_Driver/Src/stm32f4xx_hal_gpio.c.obj
                0x0000000008007f34                HAL_GPIO_ReadPin
 .text.HAL_GPIO_WritePin
                0x0000000008007f42        0xc CMakeFiles/Increasing_PI.elf.dir/Drivers/STM32F4xx_HAL_Driver/Src/stm32f4xx_hal_gpio.c.obj
                0x0000000008007f42                HAL_GPIO_WritePin
 *fill*         0x0000000008007f4e        0x2 
 .text.HAL_GPIO_EXTI_IRQHandler
                0x0000000008007f50       0x1c CMakeFiles/Increasing_PI.elf.dir/Drivers/STM32F4xx_HAL_Driver/Src/stm32f4xx_hal_gpio.c.obj
                0x0000000008007f50                HAL_GPIO_EXTI_IRQHandler
 .text.HAL_RCC_OscConfig
                0x0000000008007f6c      0x3f8 CMakeFiles/Increasing_PI.elf.dir/Drivers/STM32F4xx_HAL_Driver/Src/stm32f4xx_hal_rcc.c.obj
                0x0000000008007f6c                HAL_RCC_OscConfig
 .text.HAL_RCC_GetSysClockFreq
                0x0000000008008364       0xa4 CMakeFiles/Increasing_PI.elf.dir/Drivers/STM32F4xx_HAL_Driver/Src/stm32f4xx_hal_rcc.c.obj
                0x0000000008008364                HAL_RCC_GetSysClockFreq
 .text.HAL_RCC_ClockConfig
                0x0000000008008408      0x160 CMakeFiles/Increasing_PI.elf.dir/Drivers/STM32F4xx_HAL_Driver/Src/stm32f4xx_hal_rcc.c.obj
                0x0000000008008408                HAL_RCC_ClockConfig
 .text.HAL_RCC_GetHCLKFreq
                0x0000000008008568        0xc CMakeFiles/Increasing_PI.elf.dir/Drivers/STM32F4xx_HAL_Driver/Src/stm32f4xx_hal_rcc.c.obj
                0x0000000008008568                HAL_RCC_GetHCLKFreq
 .text.HAL_RCC_GetPCLK1Freq
                0x0000000008008574       0x20 CMakeFiles/Increasing_PI.elf.dir/Drivers/STM32F4xx_HAL_Driver/Src/stm32f4xx_hal_rcc.c.obj
                0x0000000008008574                HAL_RCC_GetPCLK1Freq
 .text.HAL_RCC_GetPCLK2Freq
                0x0000000008008594       0x20 CMakeFiles/Increasing_PI.elf.dir/Drivers/STM32F4xx_HAL_Driver/Src/stm32f4xx_hal_rcc.c.obj
                0x0000000008008594                HAL_RCC_GetPCLK2Freq
 .text.TIM_OC1_SetConfig
                0x00000000080085b4       0x5c CMakeFiles/Increasing_PI.elf.dir/Drivers/STM32F4xx_HAL_Driver/Src/stm32f4xx_hal_tim.c.obj
 .text.TIM_OC3_SetConfig
                0x0000000008008610       0x64 CMakeFiles/Increasing_PI.elf.dir/Drivers/STM32F4xx_HAL_Driver/Src/stm32f4xx_hal_tim.c.obj
 .text.TIM_OC4_SetConfig
                0x0000000008008674       0x48 CMakeFiles/Increasing_PI.elf.dir/Drivers/STM32F4xx_HAL_Driver/Src/stm32f4xx_hal_tim.c.obj
 .text.HAL_TIM_Base_Start_IT
                0x00000000080086bc       0x78 CMakeFiles/Increasing_PI.elf.dir/Drivers/STM32F4xx_HAL_Driver/Src/stm32f4xx_hal_tim.c.obj
                0x00000000080086bc                HAL_TIM_Base_Start_IT
 .text.HAL_TIM_OC_DelayElapsedCallback
                0x0000000008008734        0x2 CMakeFiles/Increasing_PI.elf.dir/Drivers/STM32F4xx_HAL_Driver/Src/stm32f4xx_hal_tim.c.obj
                0x0000000008008734                HAL_TIM_OC_DelayElapsedCallback
 .text.HAL_TIM_IC_CaptureCallback
                0x0000000008008736        0x2 CMakeFiles/Increasing_PI.elf.dir/Drivers/STM32F4xx_HAL_Driver/Src/stm32f4xx_hal_tim.c.obj
                0x0000000008008736                HAL_TIM_IC_CaptureCallback
 .text.HAL_TIM_PWM_PulseFinishedCallback
                0x0000000008008738        0x2 CMakeFiles/Increasing_PI.elf.dir/Drivers/STM32F4xx_HAL_Driver/Src/stm32f4xx_hal_tim.c.obj
                0x0000000008008738                HAL_TIM_PWM_PulseFinishedCallback
 .text.HAL_TIM_TriggerCallback
                0x000000000800873a        0x2 CMakeFiles/Increasing_PI.elf.dir/Drivers/STM32F4xx_HAL_Driver/Src/stm32f4xx_hal_tim.c.obj
                0x000000000800873a                HAL_TIM_TriggerCallback
 .text.HAL_TIM_IRQHandler
                0x000000000800873c      0x17a CMakeFiles/Increasing_PI.elf.dir/Drivers/STM32F4xx_HAL_Driver/Src/stm32f4xx_hal_tim.c.obj
                0x000000000800873c                HAL_TIM_IRQHandler
 *fill*         0x00000000080088b6        0x2 
 .text.TIM_Base_SetConfig
                0x00000000080088b8       0x9c CMakeFiles/Increasing_PI.elf.dir/Drivers/STM32F4xx_HAL_Driver/Src/stm32f4xx_hal_tim.c.obj
                0x00000000080088b8                TIM_Base_SetConfig
 .text.HAL_TIM_PWM_Init
                0x0000000008008954       0x58 CMakeFiles/Increasing_PI.elf.dir/Drivers/STM32F4xx_HAL_Driver/Src/stm32f4xx_hal_tim.c.obj
                0x0000000008008954                HAL_TIM_PWM_Init
 .text.TIM_OC2_SetConfig
                0x00000000080089ac       0x64 CMakeFiles/Increasing_PI.elf.dir/Drivers/STM32F4xx_HAL_Driver/Src/stm32f4xx_hal_tim.c.obj
                0x00000000080089ac                TIM_OC2_SetConfig
 .text.HAL_TIM_PWM_ConfigChannel
                0x0000000008008a10       0xdc CMakeFiles/Increasing_PI.elf.dir/Drivers/STM32F4xx_HAL_Driver/Src/stm32f4xx_hal_tim.c.obj
                0x0000000008008a10                HAL_TIM_PWM_ConfigChannel
 .text.TIM_CCxChannelCmd
                0x0000000008008aec       0x1e CMakeFiles/Increasing_PI.elf.dir/Drivers/STM32F4xx_HAL_Driver/Src/stm32f4xx_hal_tim.c.obj
                0x0000000008008aec                TIM_CCxChannelCmd
 *fill*         0x0000000008008b0a        0x2 
 .text.HAL_TIM_PWM_Start
                0x0000000008008b0c       0xf0 CMakeFiles/Increasing_PI.elf.dir/Drivers/STM32F4xx_HAL_Driver/Src/stm32f4xx_hal_tim.c.obj
                0x0000000008008b0c                HAL_TIM_PWM_Start
 .text.HAL_TIMEx_MasterConfigSynchronization
                0x0000000008008bfc       0x7c CMakeFiles/Increasing_PI.elf.dir/Drivers/STM32F4xx_HAL_Driver/Src/stm32f4xx_hal_tim_ex.c.obj
                0x0000000008008bfc                HAL_TIMEx_MasterConfigSynchronization
 .text.HAL_TIMEx_ConfigBreakDeadTime
                0x0000000008008c78       0x52 CMakeFiles/Increasing_PI.elf.dir/Drivers/STM32F4xx_HAL_Driver/Src/stm32f4xx_hal_tim_ex.c.obj
                0x0000000008008c78                HAL_TIMEx_ConfigBreakDeadTime
 .text.HAL_TIMEx_CommutCallback
                0x0000000008008cca        0x2 CMakeFiles/Increasing_PI.elf.dir/Drivers/STM32F4xx_HAL_Driver/Src/stm32f4xx_hal_tim_ex.c.obj
                0x0000000008008cca                HAL_TIMEx_CommutCallback
 .text.HAL_TIMEx_BreakCallback
                0x0000000008008ccc        0x2 CMakeFiles/Increasing_PI.elf.dir/Drivers/STM32F4xx_HAL_Driver/Src/stm32f4xx_hal_tim_ex.c.obj
                0x0000000008008ccc                HAL_TIMEx_BreakCallback
 *fill*         0x0000000008008cce        0x2 
 .text.UART_SetConfig
                0x0000000008008cd0      0x110 CMakeFiles/Increasing_PI.elf.dir/Drivers/STM32F4xx_HAL_Driver/Src/stm32f4xx_hal_uart.c.obj
 .text.UART_WaitOnFlagUntilTimeout
                0x0000000008008de0       0x88 CMakeFiles/Increasing_PI.elf.dir/Drivers/STM32F4xx_HAL_Driver/Src/stm32f4xx_hal_uart.c.obj
 .text.HAL_UART_Init
                0x0000000008008e68       0x5e CMakeFiles/Increasing_PI.elf.dir/Drivers/STM32F4xx_HAL_Driver/Src/stm32f4xx_hal_uart.c.obj
                0x0000000008008e68                HAL_UART_Init
 .text.HAL_UART_Transmit
                0x0000000008008ec6       0xd8 CMakeFiles/Increasing_PI.elf.dir/Drivers/STM32F4xx_HAL_Driver/Src/stm32f4xx_hal_uart.c.obj
                0x0000000008008ec6                HAL_UART_Transmit
 *fill*         0x0000000008008f9e        0x2 
 .text.startup  0x0000000008008fa0       0x14 /usr/lib/gcc/arm-none-eabi/10.3.1/../../../arm-none-eabi/lib/thumb/v7e-m/nofp/libg.a(lib_a-__call_atexit.o)
 *(.glue_7)
 .glue_7        0x0000000008008fb4        0x0 linker stubs
 *(.glue_7t)
 .glue_7t       0x0000000008008fb4        0x0 linker stubs
 *(.eh_frame)
 .eh_frame      0x0000000008008fb4        0x0 /usr/lib/gcc/arm-none-eabi/10.3.1/thumb/v7e-m/nofp/crtbegin.o
 *(.init)
 .init          0x0000000008008fb4        0x4 /usr/lib/gcc/arm-none-eabi/10.3.1/thumb/v7e-m/nofp/crti.o
                0x0000000008008fb4                _init
 .init          0x0000000008008fb8        0x8 /usr/lib/gcc/arm-none-eabi/10.3.1/thumb/v7e-m/nofp/crtn.o
 *(.fini)
 .fini          0x0000000008008fc0        0x4 /usr/lib/gcc/arm-none-eabi/10.3.1/thumb/v7e-m/nofp/crti.o
                0x0000000008008fc0                _fini
 .fini          0x0000000008008fc4        0x8 /usr/lib/gcc/arm-none-eabi/10.3.1/thumb/v7e-m/nofp/crtn.o
                0x0000000008008fcc                . = ALIGN (0x4)
                0x0000000008008fcc                _etext = .

.vfp11_veneer   0x0000000008008fcc        0x0
 .vfp11_veneer  0x0000000008008fcc        0x0 linker stubs

.v4_bx          0x0000000008008fcc        0x0
 .v4_bx         0x0000000008008fcc        0x0 linker stubs

.iplt           0x0000000008008fcc        0x0
 .iplt          0x0000000008008fcc        0x0 /usr/lib/gcc/arm-none-eabi/10.3.1/thumb/v7e-m/nofp/crtbegin.o

.rodata         0x0000000008008fd0      0x3cc
                0x0000000008008fd0                . = ALIGN (0x4)
 *(.rodata)
 .rodata        0x0000000008008fd0        0x4 /usr/lib/gcc/arm-none-eabi/10.3.1/../../../arm-none-eabi/lib/thumb/v7e-m/nofp/libg.a(lib_a-impure.o)
                0x0000000008008fd0                _global_impure_ptr
 .rodata        0x0000000008008fd4       0x20 /usr/lib/gcc/arm-none-eabi/10.3.1/../../../arm-none-eabi/lib/thumb/v7e-m/nofp/libg.a(lib_a-vfprintf.o)
 *fill*         0x0000000008008ff4        0x4 
 .rodata        0x0000000008008ff8      0x128 /usr/lib/gcc/arm-none-eabi/10.3.1/../../../arm-none-eabi/lib/thumb/v7e-m/nofp/libg.a(lib_a-mprec.o)
                0x0000000008009008                __mprec_tens
                0x00000000080090d0                __mprec_tinytens
                0x00000000080090f8                __mprec_bigtens
 .rodata        0x0000000008009120       0x20 /usr/lib/gcc/arm-none-eabi/10.3.1/../../../arm-none-eabi/lib/thumb/v7e-m/nofp/libg.a(lib_a-vfiprintf.o)
 .rodata        0x0000000008009140      0x101 /usr/lib/gcc/arm-none-eabi/10.3.1/../../../arm-none-eabi/lib/thumb/v7e-m/nofp/libg.a(lib_a-ctype_.o)
                0x0000000008009140                _ctype_
 *(.rodata*)
 *fill*         0x0000000008009241        0x3 
 .rodata.main.str1.4
                0x0000000008009244       0x20 CMakeFiles/Increasing_PI.elf.dir/Core/Src/main.c.obj
 .rodata.AHBPrescTable
                0x0000000008009264       0x10 CMakeFiles/Increasing_PI.elf.dir/Core/Src/system_stm32f4xx.c.obj
                0x0000000008009264                AHBPrescTable
 .rodata.APBPrescTable
                0x0000000008009274        0x8 CMakeFiles/Increasing_PI.elf.dir/Core/Src/system_stm32f4xx.c.obj
                0x0000000008009274                APBPrescTable
 .rodata.str1.4
                0x000000000800927c       0x42 /usr/lib/gcc/arm-none-eabi/10.3.1/../../../arm-none-eabi/lib/thumb/v7e-m/nofp/libg.a(lib_a-vfprintf.o)
 *fill*         0x00000000080092be        0x2 
 .rodata.str1.4
                0x00000000080092c0       0x56 /usr/lib/gcc/arm-none-eabi/10.3.1/../../../arm-none-eabi/lib/thumb/v7e-m/nofp/libg.a(lib_a-dtoa.o)
                                         0x5a (size before relaxing)
 *fill*         0x0000000008009316        0x2 
 .rodata.str1.4
                0x0000000008009318       0x33 /usr/lib/gcc/arm-none-eabi/10.3.1/../../../arm-none-eabi/lib/thumb/v7e-m/nofp/libg.a(lib_a-mprec.o)
                                         0x47 (size before relaxing)
 .rodata.str1.4
                0x000000000800934b       0x2f /usr/lib/gcc/arm-none-eabi/10.3.1/../../../arm-none-eabi/lib/thumb/v7e-m/nofp/libg.a(lib_a-vfiprintf.o)
 *fill*         0x000000000800934b        0x1 
 .rodata.str1.4
                0x000000000800934c       0x3f /usr/lib/gcc/arm-none-eabi/10.3.1/../../../arm-none-eabi/lib/thumb/v7e-m/nofp/libg.a(lib_a-assert.o)
                                         0x43 (size before relaxing)
 *fill*         0x000000000800938b        0x1 
 .rodata.str1.4
                0x000000000800938c        0xe /usr/lib/gcc/arm-none-eabi/10.3.1/../../../arm-none-eabi/lib/thumb/v7e-m/nofp/libg.a(lib_a-locale.o)
                                         0x12 (size before relaxing)
                0x000000000800939c                . = ALIGN (0x4)
 *fill*         0x000000000800939a        0x2 

.ARM.extab      0x000000000800939c        0x0
                0x000000000800939c                . = ALIGN (0x4)
 *(.ARM.extab* .gnu.linkonce.armextab.*)
                0x000000000800939c                . = ALIGN (0x4)

.ARM            0x000000000800939c        0x8
                0x000000000800939c                . = ALIGN (0x4)
                0x000000000800939c                __exidx_start = .
 *(.ARM.exidx*)
 .ARM.exidx     0x000000000800939c        0x8 /usr/lib/gcc/arm-none-eabi/10.3.1/thumb/v7e-m/nofp/libgcc.a(_udivmoddi4.o)
                0x00000000080093a4                __exidx_end = .
                0x00000000080093a4                . = ALIGN (0x4)

.rel.dyn        0x00000000080093a4        0x0
 .rel.iplt      0x00000000080093a4        0x0 /usr/lib/gcc/arm-none-eabi/10.3.1/thumb/v7e-m/nofp/crtbegin.o

.preinit_array  0x00000000080093a4        0x0
                0x00000000080093a4                . = ALIGN (0x4)
                0x00000000080093a4                PROVIDE (__preinit_array_start = .)
 *(.preinit_array*)
                0x00000000080093a4                PROVIDE (__preinit_array_end = .)
                0x00000000080093a4                . = ALIGN (0x4)

.init_array     0x00000000080093a4        0x8
                0x00000000080093a4                . = ALIGN (0x4)
                0x00000000080093a4                PROVIDE (__init_array_start = .)
 *(SORT_BY_NAME(.init_array.*))
 .init_array.00000
                0x00000000080093a4        0x4 /usr/lib/gcc/arm-none-eabi/10.3.1/../../../arm-none-eabi/lib/thumb/v7e-m/nofp/libg.a(lib_a-__call_atexit.o)
 *(.init_array*)
 .init_array    0x00000000080093a8        0x4 /usr/lib/gcc/arm-none-eabi/10.3.1/thumb/v7e-m/nofp/crtbegin.o
                0x00000000080093ac                PROVIDE (__init_array_end = .)
                0x00000000080093ac                . = ALIGN (0x4)

.fini_array     0x00000000080093ac        0x4
                0x00000000080093ac                . = ALIGN (0x4)
                0x00000000080093ac                PROVIDE (__fini_array_start = .)
 *(SORT_BY_NAME(.fini_array.*))
 *(.fini_array*)
 .fini_array    0x00000000080093ac        0x4 /usr/lib/gcc/arm-none-eabi/10.3.1/thumb/v7e-m/nofp/crtbegin.o
                0x00000000080093b0                PROVIDE (__fini_array_end = .)
                0x00000000080093b0                . = ALIGN (0x4)
                0x00000000080093b0                _sidata = LOADADDR (.data)

.data           0x0000000020000000      0x9cc load address 0x00000000080093b0
                0x0000000020000000                . = ALIGN (0x4)
                0x0000000020000000                _sdata = .
 *(.data)
 .data          0x0000000020000000      0x430 /usr/lib/gcc/arm-none-eabi/10.3.1/../../../arm-none-eabi/lib/thumb/v7e-m/nofp/libg.a(lib_a-impure.o)
                0x0000000020000000                _impure_ptr
 .data          0x0000000020000430      0x410 /usr/lib/gcc/arm-none-eabi/10.3.1/../../../arm-none-eabi/lib/thumb/v7e-m/nofp/libg.a(lib_a-mallocr.o)
                0x0000000020000430                __malloc_av_
                0x0000000020000838                __malloc_sbrk_base
                0x000000002000083c                __malloc_trim_threshold
 .data          0x0000000020000840      0x16c /usr/lib/gcc/arm-none-eabi/10.3.1/../../../arm-none-eabi/lib/thumb/v7e-m/nofp/libg.a(lib_a-locale.o)
                0x0000000020000840                __global_locale
 *(.data*)
 *fill*         0x00000000200009ac        0x4 
 .data.velKi    0x00000000200009b0        0x8 CMakeFiles/Increasing_PI.elf.dir/Core/Src/main.c.obj
                0x00000000200009b0                velKi
 .data.velKp    0x00000000200009b8        0x8 CMakeFiles/Increasing_PI.elf.dir/Core/Src/main.c.obj
                0x00000000200009b8                velKp
 .data.SystemCoreClock
                0x00000000200009c0        0x4 CMakeFiles/Increasing_PI.elf.dir/Core/Src/system_stm32f4xx.c.obj
                0x00000000200009c0                SystemCoreClock
 .data.uwTickFreq
                0x00000000200009c4        0x1 CMakeFiles/Increasing_PI.elf.dir/Drivers/STM32F4xx_HAL_Driver/Src/stm32f4xx_hal.c.obj
                0x00000000200009c4                uwTickFreq
 *fill*         0x00000000200009c5        0x3 
 .data.uwTickPrio
                0x00000000200009c8        0x4 CMakeFiles/Increasing_PI.elf.dir/Drivers/STM32F4xx_HAL_Driver/Src/stm32f4xx_hal.c.obj
                0x00000000200009c8                uwTickPrio
 *(.RamFunc)
 *(.RamFunc*)
                0x00000000200009cc                . = ALIGN (0x4)
                0x00000000200009cc                _edata = .

.tm_clone_table
                0x00000000200009cc        0x0 load address 0x0000000008009d7c
 .tm_clone_table
                0x00000000200009cc        0x0 /usr/lib/gcc/arm-none-eabi/10.3.1/thumb/v7e-m/nofp/crtbegin.o
 .tm_clone_table
                0x00000000200009cc        0x0 /usr/lib/gcc/arm-none-eabi/10.3.1/thumb/v7e-m/nofp/crtend.o

.igot.plt       0x00000000200009cc        0x0 load address 0x0000000008009d7c
 .igot.plt      0x00000000200009cc        0x0 /usr/lib/gcc/arm-none-eabi/10.3.1/thumb/v7e-m/nofp/crtbegin.o
                0x00000000200009cc                . = ALIGN (0x4)

.bss            0x00000000200009d0      0x15c load address 0x0000000008009d7c
                0x00000000200009d0                _sbss = .
                0x00000000200009d0                __bss_start__ = _sbss
 *(.bss)
 .bss           0x00000000200009d0       0x1c /usr/lib/gcc/arm-none-eabi/10.3.1/thumb/v7e-m/nofp/crtbegin.o
 .bss           0x00000000200009ec       0x34 /usr/lib/gcc/arm-none-eabi/10.3.1/../../../arm-none-eabi/lib/thumb/v7e-m/nofp/libg.a(lib_a-mallocr.o)
                0x00000000200009ec                __malloc_top_pad
                0x00000000200009f0                __malloc_current_mallinfo
                0x0000000020000a18                __malloc_max_sbrked_mem
                0x0000000020000a1c                __malloc_max_total_mem
 .bss           0x0000000020000a20        0x4 /usr/lib/gcc/arm-none-eabi/10.3.1/../../../arm-none-eabi/lib/thumb/v7e-m/nofp/libg.a(lib_a-reent.o)
                0x0000000020000a20                errno
 *(.bss*)
 *fill*         0x0000000020000a24        0x4 
 .bss.LMotorCount
                0x0000000020000a28        0x8 CMakeFiles/Increasing_PI.elf.dir/Core/Src/main.c.obj
                0x0000000020000a28                LMotorCount
 .bss.LPWM      0x0000000020000a30        0x8 CMakeFiles/Increasing_PI.elf.dir/Core/Src/main.c.obj
                0x0000000020000a30                LPWM
 .bss.LTargetVel
                0x0000000020000a38        0x8 CMakeFiles/Increasing_PI.elf.dir/Core/Src/main.c.obj
                0x0000000020000a38                LTargetVel
 .bss.LVelBias.4
                0x0000000020000a40        0x8 CMakeFiles/Increasing_PI.elf.dir/Core/Src/main.c.obj
 .bss.LVelocity
                0x0000000020000a48        0x8 CMakeFiles/Increasing_PI.elf.dir/Core/Src/main.c.obj
                0x0000000020000a48                LVelocity
 .bss.LastLVelBias.2
                0x0000000020000a50        0x8 CMakeFiles/Increasing_PI.elf.dir/Core/Src/main.c.obj
 .bss.LastRVelBias.3
                0x0000000020000a58        0x8 CMakeFiles/Increasing_PI.elf.dir/Core/Src/main.c.obj
 .bss.RMotorCount
                0x0000000020000a60        0x8 CMakeFiles/Increasing_PI.elf.dir/Core/Src/main.c.obj
                0x0000000020000a60                RMotorCount
 .bss.RPWM      0x0000000020000a68        0x8 CMakeFiles/Increasing_PI.elf.dir/Core/Src/main.c.obj
                0x0000000020000a68                RPWM
 .bss.RTargetVel
                0x0000000020000a70        0x8 CMakeFiles/Increasing_PI.elf.dir/Core/Src/main.c.obj
                0x0000000020000a70                RTargetVel
 .bss.RVelBias.5
                0x0000000020000a78        0x8 CMakeFiles/Increasing_PI.elf.dir/Core/Src/main.c.obj
 .bss.RVelocity
                0x0000000020000a80        0x8 CMakeFiles/Increasing_PI.elf.dir/Core/Src/main.c.obj
                0x0000000020000a80                RVelocity
 .bss.lastLMotorCount.0
                0x0000000020000a88        0x8 CMakeFiles/Increasing_PI.elf.dir/Core/Src/main.c.obj
 .bss.lastRMotorCount.1
                0x0000000020000a90        0x8 CMakeFiles/Increasing_PI.elf.dir/Core/Src/main.c.obj
 .bss.__sbrk_heap_end
                0x0000000020000a98        0x4 CMakeFiles/Increasing_PI.elf.dir/Core/Src/sysmem.c.obj
 .bss.htim1     0x0000000020000a9c       0x48 CMakeFiles/Increasing_PI.elf.dir/Core/Src/tim.c.obj
                0x0000000020000a9c                htim1
 .bss.huart1    0x0000000020000ae4       0x44 CMakeFiles/Increasing_PI.elf.dir/Core/Src/usart.c.obj
                0x0000000020000ae4                huart1
 .bss.uwTick    0x0000000020000b28        0x4 CMakeFiles/Increasing_PI.elf.dir/Drivers/STM32F4xx_HAL_Driver/Src/stm32f4xx_hal.c.obj
                0x0000000020000b28                uwTick
 *(COMMON)
                0x0000000020000b2c                . = ALIGN (0x4)
                0x0000000020000b2c                _ebss = .
                0x0000000020000b2c                __bss_end__ = _ebss

._user_heap_stack
                0x0000000020000b2c      0x604 load address 0x0000000008009d7c
                0x0000000020000b30                . = ALIGN (0x8)
 *fill*         0x0000000020000b2c        0x4 
                [!provide]                        PROVIDE (end = .)
                0x0000000020000b30                PROVIDE (_end = .)
                0x0000000020000d30                . = (. + _Min_Heap_Size)
 *fill*         0x0000000020000b30      0x200 
                0x0000000020001130                . = (. + _Min_Stack_Size)
 *fill*         0x0000000020000d30      0x400 
                0x0000000020001130                . = ALIGN (0x8)

/DISCARD/
 libc.a(*)
 libm.a(*)
 libgcc.a(*)

.ARM.attributes
                0x0000000000000000       0x2a
 *(.ARM.attributes)
 .ARM.attributes
                0x0000000000000000       0x1e /usr/lib/gcc/arm-none-eabi/10.3.1/thumb/v7e-m/nofp/crti.o
 .ARM.attributes
                0x000000000000001e       0x2e /usr/lib/gcc/arm-none-eabi/10.3.1/thumb/v7e-m/nofp/crtbegin.o
 .ARM.attributes
                0x000000000000004c       0x2e CMakeFiles/Increasing_PI.elf.dir/Core/Src/gpio.c.obj
 .ARM.attributes
                0x000000000000007a       0x2e CMakeFiles/Increasing_PI.elf.dir/Core/Src/main.c.obj
 .ARM.attributes
                0x00000000000000a8       0x2e CMakeFiles/Increasing_PI.elf.dir/Core/Src/stm32f4xx_hal_msp.c.obj
 .ARM.attributes
                0x00000000000000d6       0x2e CMakeFiles/Increasing_PI.elf.dir/Core/Src/stm32f4xx_it.c.obj
 .ARM.attributes
                0x0000000000000104       0x2e CMakeFiles/Increasing_PI.elf.dir/Core/Src/syscalls.c.obj
 .ARM.attributes
                0x0000000000000132       0x2e CMakeFiles/Increasing_PI.elf.dir/Core/Src/sysmem.c.obj
 .ARM.attributes
                0x0000000000000160       0x2e CMakeFiles/Increasing_PI.elf.dir/Core/Src/system_stm32f4xx.c.obj
 .ARM.attributes
                0x000000000000018e       0x2e CMakeFiles/Increasing_PI.elf.dir/Core/Src/tim.c.obj
 .ARM.attributes
                0x00000000000001bc       0x2e CMakeFiles/Increasing_PI.elf.dir/Core/Src/usart.c.obj
 .ARM.attributes
                0x00000000000001ea       0x21 CMakeFiles/Increasing_PI.elf.dir/Core/Startup/startup_stm32f401ccux.s.obj
 .ARM.attributes
                0x000000000000020b       0x2e CMakeFiles/Increasing_PI.elf.dir/Drivers/STM32F4xx_HAL_Driver/Src/stm32f4xx_hal.c.obj
 .ARM.attributes
                0x0000000000000239       0x2e CMakeFiles/Increasing_PI.elf.dir/Drivers/STM32F4xx_HAL_Driver/Src/stm32f4xx_hal_cortex.c.obj
 .ARM.attributes
                0x0000000000000267       0x2e CMakeFiles/Increasing_PI.elf.dir/Drivers/STM32F4xx_HAL_Driver/Src/stm32f4xx_hal_gpio.c.obj
 .ARM.attributes
                0x0000000000000295       0x2e CMakeFiles/Increasing_PI.elf.dir/Drivers/STM32F4xx_HAL_Driver/Src/stm32f4xx_hal_rcc.c.obj
 .ARM.attributes
                0x00000000000002c3       0x2e CMakeFiles/Increasing_PI.elf.dir/Drivers/STM32F4xx_HAL_Driver/Src/stm32f4xx_hal_tim.c.obj
 .ARM.attributes
                0x00000000000002f1       0x2e CMakeFiles/Increasing_PI.elf.dir/Drivers/STM32F4xx_HAL_Driver/Src/stm32f4xx_hal_tim_ex.c.obj
 .ARM.attributes
                0x000000000000031f       0x2e CMakeFiles/Increasing_PI.elf.dir/Drivers/STM32F4xx_HAL_Driver/Src/stm32f4xx_hal_uart.c.obj
 .ARM.attributes
                0x000000000000034d       0x1e /usr/lib/gcc/arm-none-eabi/10.3.1/thumb/v7e-m/nofp/libgcc.a(_arm_addsubdf3.o)
 .ARM.attributes
                0x000000000000036b       0x1e /usr/lib/gcc/arm-none-eabi/10.3.1/thumb/v7e-m/nofp/libgcc.a(_arm_muldivdf3.o)
 .ARM.attributes
                0x0000000000000389       0x1e /usr/lib/gcc/arm-none-eabi/10.3.1/thumb/v7e-m/nofp/libgcc.a(_arm_cmpdf2.o)
 .ARM.attributes
                0x00000000000003a7       0x1e /usr/lib/gcc/arm-none-eabi/10.3.1/thumb/v7e-m/nofp/libgcc.a(_arm_fixunsdfsi.o)
 .ARM.attributes
                0x00000000000003c5       0x1e /usr/lib/gcc/arm-none-eabi/10.3.1/thumb/v7e-m/nofp/libgcc.a(_aeabi_uldivmod.o)
 .ARM.attributes
                0x00000000000003e3       0x2e /usr/lib/gcc/arm-none-eabi/10.3.1/thumb/v7e-m/nofp/libgcc.a(_udivmoddi4.o)
 .ARM.attributes
                0x0000000000000411       0x1e /usr/lib/gcc/arm-none-eabi/10.3.1/thumb/v7e-m/nofp/libgcc.a(_dvmd_tls.o)
 .ARM.attributes
                0x000000000000042f       0x2e /usr/lib/gcc/arm-none-eabi/10.3.1/../../../arm-none-eabi/lib/thumb/v7e-m/nofp/libg.a(lib_a-atexit.o)
 .ARM.attributes
                0x000000000000045d       0x2e /usr/lib/gcc/arm-none-eabi/10.3.1/../../../arm-none-eabi/lib/thumb/v7e-m/nofp/libg.a(lib_a-errno.o)
 .ARM.attributes
                0x000000000000048b       0x2e /usr/lib/gcc/arm-none-eabi/10.3.1/../../../arm-none-eabi/lib/thumb/v7e-m/nofp/libg.a(lib_a-fini.o)
 .ARM.attributes
                0x00000000000004b9       0x2e /usr/lib/gcc/arm-none-eabi/10.3.1/../../../arm-none-eabi/lib/thumb/v7e-m/nofp/libg.a(lib_a-impure.o)
 .ARM.attributes
                0x00000000000004e7       0x2e /usr/lib/gcc/arm-none-eabi/10.3.1/../../../arm-none-eabi/lib/thumb/v7e-m/nofp/libg.a(lib_a-init.o)
 .ARM.attributes
                0x0000000000000515       0x2e /usr/lib/gcc/arm-none-eabi/10.3.1/../../../arm-none-eabi/lib/thumb/v7e-m/nofp/libg.a(lib_a-memset.o)
 .ARM.attributes
                0x0000000000000543       0x2e /usr/lib/gcc/arm-none-eabi/10.3.1/../../../arm-none-eabi/lib/thumb/v7e-m/nofp/libg.a(lib_a-printf.o)
 .ARM.attributes
                0x0000000000000571       0x2e /usr/lib/gcc/arm-none-eabi/10.3.1/../../../arm-none-eabi/lib/thumb/v7e-m/nofp/libg.a(lib_a-vfprintf.o)
 .ARM.attributes
                0x000000000000059f       0x2e /usr/lib/gcc/arm-none-eabi/10.3.1/../../../arm-none-eabi/lib/thumb/v7e-m/nofp/libg.a(lib_a-wsetup.o)
 .ARM.attributes
                0x00000000000005cd       0x2e /usr/lib/gcc/arm-none-eabi/10.3.1/../../../arm-none-eabi/lib/thumb/v7e-m/nofp/libg.a(lib_a-__atexit.o)
 .ARM.attributes
                0x00000000000005fb       0x2e /usr/lib/gcc/arm-none-eabi/10.3.1/../../../arm-none-eabi/lib/thumb/v7e-m/nofp/libg.a(lib_a-__call_atexit.o)
 .ARM.attributes
                0x0000000000000629       0x2e /usr/lib/gcc/arm-none-eabi/10.3.1/../../../arm-none-eabi/lib/thumb/v7e-m/nofp/libg.a(lib_a-dtoa.o)
 .ARM.attributes
                0x0000000000000657       0x2e /usr/lib/gcc/arm-none-eabi/10.3.1/../../../arm-none-eabi/lib/thumb/v7e-m/nofp/libg.a(lib_a-fflush.o)
 .ARM.attributes
                0x0000000000000685       0x2e /usr/lib/gcc/arm-none-eabi/10.3.1/../../../arm-none-eabi/lib/thumb/v7e-m/nofp/libg.a(lib_a-findfp.o)
 .ARM.attributes
                0x00000000000006b3       0x2e /usr/lib/gcc/arm-none-eabi/10.3.1/../../../arm-none-eabi/lib/thumb/v7e-m/nofp/libg.a(lib_a-freer.o)
 .ARM.attributes
                0x00000000000006e1       0x2e /usr/lib/gcc/arm-none-eabi/10.3.1/../../../arm-none-eabi/lib/thumb/v7e-m/nofp/libg.a(lib_a-fwalk.o)
 .ARM.attributes
                0x000000000000070f       0x2e /usr/lib/gcc/arm-none-eabi/10.3.1/../../../arm-none-eabi/lib/thumb/v7e-m/nofp/libg.a(lib_a-localeconv.o)
 .ARM.attributes
                0x000000000000073d       0x2e /usr/lib/gcc/arm-none-eabi/10.3.1/../../../arm-none-eabi/lib/thumb/v7e-m/nofp/libg.a(lib_a-makebuf.o)
 .ARM.attributes
                0x000000000000076b       0x2e /usr/lib/gcc/arm-none-eabi/10.3.1/../../../arm-none-eabi/lib/thumb/v7e-m/nofp/libg.a(lib_a-mallocr.o)
 .ARM.attributes
                0x0000000000000799       0x1c /usr/lib/gcc/arm-none-eabi/10.3.1/../../../arm-none-eabi/lib/thumb/v7e-m/nofp/libg.a(lib_a-memchr.o)
 .ARM.attributes
                0x00000000000007b5       0x1c /usr/lib/gcc/arm-none-eabi/10.3.1/../../../arm-none-eabi/lib/thumb/v7e-m/nofp/libg.a(lib_a-memcpy.o)
 .ARM.attributes
                0x00000000000007d1       0x2e /usr/lib/gcc/arm-none-eabi/10.3.1/../../../arm-none-eabi/lib/thumb/v7e-m/nofp/libg.a(lib_a-mlock.o)
 .ARM.attributes
                0x00000000000007ff       0x2e /usr/lib/gcc/arm-none-eabi/10.3.1/../../../arm-none-eabi/lib/thumb/v7e-m/nofp/libg.a(lib_a-mprec.o)
 .ARM.attributes
                0x000000000000082d       0x2e /usr/lib/gcc/arm-none-eabi/10.3.1/../../../arm-none-eabi/lib/thumb/v7e-m/nofp/libg.a(lib_a-sbrkr.o)
 .ARM.attributes
                0x000000000000085b       0x2e /usr/lib/gcc/arm-none-eabi/10.3.1/../../../arm-none-eabi/lib/thumb/v7e-m/nofp/libg.a(lib_a-stdio.o)
 .ARM.attributes
                0x0000000000000889       0x1c /usr/lib/gcc/arm-none-eabi/10.3.1/../../../arm-none-eabi/lib/thumb/v7e-m/nofp/libg.a(lib_a-strlen.o)
 .ARM.attributes
                0x00000000000008a5       0x2e /usr/lib/gcc/arm-none-eabi/10.3.1/../../../arm-none-eabi/lib/thumb/v7e-m/nofp/libg.a(lib_a-vfiprintf.o)
 .ARM.attributes
                0x00000000000008d3       0x2e /usr/lib/gcc/arm-none-eabi/10.3.1/../../../arm-none-eabi/lib/thumb/v7e-m/nofp/libg.a(lib_a-writer.o)
 .ARM.attributes
                0x0000000000000901       0x2e /usr/lib/gcc/arm-none-eabi/10.3.1/../../../arm-none-eabi/lib/thumb/v7e-m/nofp/libg.a(lib_a-assert.o)
 .ARM.attributes
                0x000000000000092f       0x2e /usr/lib/gcc/arm-none-eabi/10.3.1/../../../arm-none-eabi/lib/thumb/v7e-m/nofp/libg.a(lib_a-callocr.o)
 .ARM.attributes
                0x000000000000095d       0x2e /usr/lib/gcc/arm-none-eabi/10.3.1/../../../arm-none-eabi/lib/thumb/v7e-m/nofp/libg.a(lib_a-closer.o)
 .ARM.attributes
                0x000000000000098b       0x2e /usr/lib/gcc/arm-none-eabi/10.3.1/../../../arm-none-eabi/lib/thumb/v7e-m/nofp/libg.a(lib_a-fclose.o)
 .ARM.attributes
                0x00000000000009b9       0x2e /usr/lib/gcc/arm-none-eabi/10.3.1/../../../arm-none-eabi/lib/thumb/v7e-m/nofp/libg.a(lib_a-fiprintf.o)
 .ARM.attributes
                0x00000000000009e7       0x2e /usr/lib/gcc/arm-none-eabi/10.3.1/../../../arm-none-eabi/lib/thumb/v7e-m/nofp/libg.a(lib_a-fputwc.o)
 .ARM.attributes
                0x0000000000000a15       0x2e /usr/lib/gcc/arm-none-eabi/10.3.1/../../../arm-none-eabi/lib/thumb/v7e-m/nofp/libg.a(lib_a-fstatr.o)
 .ARM.attributes
                0x0000000000000a43       0x2e /usr/lib/gcc/arm-none-eabi/10.3.1/../../../arm-none-eabi/lib/thumb/v7e-m/nofp/libg.a(lib_a-fvwrite.o)
 .ARM.attributes
                0x0000000000000a71       0x2e /usr/lib/gcc/arm-none-eabi/10.3.1/../../../arm-none-eabi/lib/thumb/v7e-m/nofp/libg.a(lib_a-isattyr.o)
 .ARM.attributes
                0x0000000000000a9f       0x2e /usr/lib/gcc/arm-none-eabi/10.3.1/../../../arm-none-eabi/lib/thumb/v7e-m/nofp/libg.a(lib_a-locale.o)
 .ARM.attributes
                0x0000000000000acd       0x2e /usr/lib/gcc/arm-none-eabi/10.3.1/../../../arm-none-eabi/lib/thumb/v7e-m/nofp/libg.a(lib_a-lseekr.o)
 .ARM.attributes
                0x0000000000000afb       0x2e /usr/lib/gcc/arm-none-eabi/10.3.1/../../../arm-none-eabi/lib/thumb/v7e-m/nofp/libg.a(lib_a-mbtowc_r.o)
 .ARM.attributes
                0x0000000000000b29       0x2e /usr/lib/gcc/arm-none-eabi/10.3.1/../../../arm-none-eabi/lib/thumb/v7e-m/nofp/libg.a(lib_a-memmove.o)
 .ARM.attributes
                0x0000000000000b57       0x2e /usr/lib/gcc/arm-none-eabi/10.3.1/../../../arm-none-eabi/lib/thumb/v7e-m/nofp/libg.a(lib_a-readr.o)
 .ARM.attributes
                0x0000000000000b85       0x2e /usr/lib/gcc/arm-none-eabi/10.3.1/../../../arm-none-eabi/lib/thumb/v7e-m/nofp/libg.a(lib_a-reallocr.o)
 .ARM.attributes
                0x0000000000000bb3       0x2e /usr/lib/gcc/arm-none-eabi/10.3.1/../../../arm-none-eabi/lib/thumb/v7e-m/nofp/libg.a(lib_a-reent.o)
 .ARM.attributes
                0x0000000000000be1       0x1c /usr/lib/gcc/arm-none-eabi/10.3.1/../../../arm-none-eabi/lib/thumb/v7e-m/nofp/libg.a(lib_a-strcmp.o)
 .ARM.attributes
                0x0000000000000bfd       0x2e /usr/lib/gcc/arm-none-eabi/10.3.1/../../../arm-none-eabi/lib/thumb/v7e-m/nofp/libg.a(lib_a-wbuf.o)
 .ARM.attributes
                0x0000000000000c2b       0x2e /usr/lib/gcc/arm-none-eabi/10.3.1/../../../arm-none-eabi/lib/thumb/v7e-m/nofp/libg.a(lib_a-wcrtomb.o)
 .ARM.attributes
                0x0000000000000c59       0x2e /usr/lib/gcc/arm-none-eabi/10.3.1/../../../arm-none-eabi/lib/thumb/v7e-m/nofp/libg.a(lib_a-wctomb_r.o)
 .ARM.attributes
                0x0000000000000c87       0x2e /usr/lib/gcc/arm-none-eabi/10.3.1/../../../arm-none-eabi/lib/thumb/v7e-m/nofp/libg.a(lib_a-abort.o)
 .ARM.attributes
                0x0000000000000cb5       0x2e /usr/lib/gcc/arm-none-eabi/10.3.1/../../../arm-none-eabi/lib/thumb/v7e-m/nofp/libg.a(lib_a-ctype_.o)
 .ARM.attributes
                0x0000000000000ce3       0x2e /usr/lib/gcc/arm-none-eabi/10.3.1/../../../arm-none-eabi/lib/thumb/v7e-m/nofp/libg.a(lib_a-signal.o)
 .ARM.attributes
                0x0000000000000d11       0x2e /usr/lib/gcc/arm-none-eabi/10.3.1/../../../arm-none-eabi/lib/thumb/v7e-m/nofp/libg.a(lib_a-signalr.o)
 .ARM.attributes
                0x0000000000000d3f       0x1e /usr/lib/gcc/arm-none-eabi/10.3.1/thumb/v7e-m/nofp/libgcc.a(_arm_unorddf2.o)
 .ARM.attributes
                0x0000000000000d5d       0x1e /usr/lib/gcc/arm-none-eabi/10.3.1/thumb/v7e-m/nofp/libgcc.a(_arm_fixdfsi.o)
 .ARM.attributes
                0x0000000000000d7b       0x2e /usr/lib/gcc/arm-none-eabi/10.3.1/thumb/v7e-m/nofp/crtend.o
 .ARM.attributes
                0x0000000000000da9       0x1e /usr/lib/gcc/arm-none-eabi/10.3.1/thumb/v7e-m/nofp/crtn.o
OUTPUT(Increasing_PI.elf elf32-littlearm)
LOAD linker stubs
LOAD /usr/lib/gcc/arm-none-eabi/10.3.1/../../../arm-none-eabi/lib/thumb/v7e-m/nofp/libc.a
LOAD /usr/lib/gcc/arm-none-eabi/10.3.1/../../../arm-none-eabi/lib/thumb/v7e-m/nofp/libm.a
LOAD /usr/lib/gcc/arm-none-eabi/10.3.1/thumb/v7e-m/nofp/libgcc.a

.comment        0x0000000000000000       0x33
 .comment       0x0000000000000000       0x33 /usr/lib/gcc/arm-none-eabi/10.3.1/thumb/v7e-m/nofp/crtbegin.o
                                         0x34 (size before relaxing)
 .comment       0x0000000000000033       0x34 CMakeFiles/Increasing_PI.elf.dir/Core/Src/gpio.c.obj
 .comment       0x0000000000000033       0x34 CMakeFiles/Increasing_PI.elf.dir/Core/Src/main.c.obj
 .comment       0x0000000000000033       0x34 CMakeFiles/Increasing_PI.elf.dir/Core/Src/stm32f4xx_hal_msp.c.obj
 .comment       0x0000000000000033       0x34 CMakeFiles/Increasing_PI.elf.dir/Core/Src/stm32f4xx_it.c.obj
 .comment       0x0000000000000033       0x34 CMakeFiles/Increasing_PI.elf.dir/Core/Src/syscalls.c.obj
 .comment       0x0000000000000033       0x34 CMakeFiles/Increasing_PI.elf.dir/Core/Src/sysmem.c.obj
 .comment       0x0000000000000033       0x34 CMakeFiles/Increasing_PI.elf.dir/Core/Src/system_stm32f4xx.c.obj
 .comment       0x0000000000000033       0x34 CMakeFiles/Increasing_PI.elf.dir/Core/Src/tim.c.obj
 .comment       0x0000000000000033       0x34 CMakeFiles/Increasing_PI.elf.dir/Core/Src/usart.c.obj
 .comment       0x0000000000000033       0x34 CMakeFiles/Increasing_PI.elf.dir/Drivers/STM32F4xx_HAL_Driver/Src/stm32f4xx_hal.c.obj
 .comment       0x0000000000000033       0x34 CMakeFiles/Increasing_PI.elf.dir/Drivers/STM32F4xx_HAL_Driver/Src/stm32f4xx_hal_cortex.c.obj
 .comment       0x0000000000000033       0x34 CMakeFiles/Increasing_PI.elf.dir/Drivers/STM32F4xx_HAL_Driver/Src/stm32f4xx_hal_gpio.c.obj
 .comment       0x0000000000000033       0x34 CMakeFiles/Increasing_PI.elf.dir/Drivers/STM32F4xx_HAL_Driver/Src/stm32f4xx_hal_rcc.c.obj
 .comment       0x0000000000000033       0x34 CMakeFiles/Increasing_PI.elf.dir/Drivers/STM32F4xx_HAL_Driver/Src/stm32f4xx_hal_tim.c.obj
 .comment       0x0000000000000033       0x34 CMakeFiles/Increasing_PI.elf.dir/Drivers/STM32F4xx_HAL_Driver/Src/stm32f4xx_hal_tim_ex.c.obj
 .comment       0x0000000000000033       0x34 CMakeFiles/Increasing_PI.elf.dir/Drivers/STM32F4xx_HAL_Driver/Src/stm32f4xx_hal_uart.c.obj
 .comment       0x0000000000000033       0x34 /usr/lib/gcc/arm-none-eabi/10.3.1/thumb/v7e-m/nofp/libgcc.a(_udivmoddi4.o)
 .comment       0x0000000000000033       0x34 /usr/lib/gcc/arm-none-eabi/10.3.1/../../../arm-none-eabi/lib/thumb/v7e-m/nofp/libg.a(lib_a-atexit.o)
 .comment       0x0000000000000033       0x34 /usr/lib/gcc/arm-none-eabi/10.3.1/../../../arm-none-eabi/lib/thumb/v7e-m/nofp/libg.a(lib_a-errno.o)
 .comment       0x0000000000000033       0x34 /usr/lib/gcc/arm-none-eabi/10.3.1/../../../arm-none-eabi/lib/thumb/v7e-m/nofp/libg.a(lib_a-fini.o)
 .comment       0x0000000000000033       0x34 /usr/lib/gcc/arm-none-eabi/10.3.1/../../../arm-none-eabi/lib/thumb/v7e-m/nofp/libg.a(lib_a-impure.o)
 .comment       0x0000000000000033       0x34 /usr/lib/gcc/arm-none-eabi/10.3.1/../../../arm-none-eabi/lib/thumb/v7e-m/nofp/libg.a(lib_a-init.o)
 .comment       0x0000000000000033       0x34 /usr/lib/gcc/arm-none-eabi/10.3.1/../../../arm-none-eabi/lib/thumb/v7e-m/nofp/libg.a(lib_a-memset.o)
 .comment       0x0000000000000033       0x34 /usr/lib/gcc/arm-none-eabi/10.3.1/../../../arm-none-eabi/lib/thumb/v7e-m/nofp/libg.a(lib_a-printf.o)
 .comment       0x0000000000000033       0x34 /usr/lib/gcc/arm-none-eabi/10.3.1/../../../arm-none-eabi/lib/thumb/v7e-m/nofp/libg.a(lib_a-vfprintf.o)
 .comment       0x0000000000000033       0x34 /usr/lib/gcc/arm-none-eabi/10.3.1/../../../arm-none-eabi/lib/thumb/v7e-m/nofp/libg.a(lib_a-wsetup.o)
 .comment       0x0000000000000033       0x34 /usr/lib/gcc/arm-none-eabi/10.3.1/../../../arm-none-eabi/lib/thumb/v7e-m/nofp/libg.a(lib_a-__atexit.o)
 .comment       0x0000000000000033       0x34 /usr/lib/gcc/arm-none-eabi/10.3.1/../../../arm-none-eabi/lib/thumb/v7e-m/nofp/libg.a(lib_a-__call_atexit.o)
 .comment       0x0000000000000033       0x34 /usr/lib/gcc/arm-none-eabi/10.3.1/../../../arm-none-eabi/lib/thumb/v7e-m/nofp/libg.a(lib_a-dtoa.o)
 .comment       0x0000000000000033       0x34 /usr/lib/gcc/arm-none-eabi/10.3.1/../../../arm-none-eabi/lib/thumb/v7e-m/nofp/libg.a(lib_a-fflush.o)
 .comment       0x0000000000000033       0x34 /usr/lib/gcc/arm-none-eabi/10.3.1/../../../arm-none-eabi/lib/thumb/v7e-m/nofp/libg.a(lib_a-findfp.o)
 .comment       0x0000000000000033       0x34 /usr/lib/gcc/arm-none-eabi/10.3.1/../../../arm-none-eabi/lib/thumb/v7e-m/nofp/libg.a(lib_a-freer.o)
 .comment       0x0000000000000033       0x34 /usr/lib/gcc/arm-none-eabi/10.3.1/../../../arm-none-eabi/lib/thumb/v7e-m/nofp/libg.a(lib_a-fwalk.o)
 .comment       0x0000000000000033       0x34 /usr/lib/gcc/arm-none-eabi/10.3.1/../../../arm-none-eabi/lib/thumb/v7e-m/nofp/libg.a(lib_a-localeconv.o)
 .comment       0x0000000000000033       0x34 /usr/lib/gcc/arm-none-eabi/10.3.1/../../../arm-none-eabi/lib/thumb/v7e-m/nofp/libg.a(lib_a-makebuf.o)
 .comment       0x0000000000000033       0x34 /usr/lib/gcc/arm-none-eabi/10.3.1/../../../arm-none-eabi/lib/thumb/v7e-m/nofp/libg.a(lib_a-mallocr.o)
 .comment       0x0000000000000033       0x34 /usr/lib/gcc/arm-none-eabi/10.3.1/../../../arm-none-eabi/lib/thumb/v7e-m/nofp/libg.a(lib_a-mlock.o)
 .comment       0x0000000000000033       0x34 /usr/lib/gcc/arm-none-eabi/10.3.1/../../../arm-none-eabi/lib/thumb/v7e-m/nofp/libg.a(lib_a-mprec.o)
 .comment       0x0000000000000033       0x34 /usr/lib/gcc/arm-none-eabi/10.3.1/../../../arm-none-eabi/lib/thumb/v7e-m/nofp/libg.a(lib_a-sbrkr.o)
 .comment       0x0000000000000033       0x34 /usr/lib/gcc/arm-none-eabi/10.3.1/../../../arm-none-eabi/lib/thumb/v7e-m/nofp/libg.a(lib_a-stdio.o)
 .comment       0x0000000000000033       0x34 /usr/lib/gcc/arm-none-eabi/10.3.1/../../../arm-none-eabi/lib/thumb/v7e-m/nofp/libg.a(lib_a-vfiprintf.o)
 .comment       0x0000000000000033       0x34 /usr/lib/gcc/arm-none-eabi/10.3.1/../../../arm-none-eabi/lib/thumb/v7e-m/nofp/libg.a(lib_a-writer.o)
 .comment       0x0000000000000033       0x34 /usr/lib/gcc/arm-none-eabi/10.3.1/../../../arm-none-eabi/lib/thumb/v7e-m/nofp/libg.a(lib_a-assert.o)
 .comment       0x0000000000000033       0x34 /usr/lib/gcc/arm-none-eabi/10.3.1/../../../arm-none-eabi/lib/thumb/v7e-m/nofp/libg.a(lib_a-callocr.o)
 .comment       0x0000000000000033       0x34 /usr/lib/gcc/arm-none-eabi/10.3.1/../../../arm-none-eabi/lib/thumb/v7e-m/nofp/libg.a(lib_a-closer.o)
 .comment       0x0000000000000033       0x34 /usr/lib/gcc/arm-none-eabi/10.3.1/../../../arm-none-eabi/lib/thumb/v7e-m/nofp/libg.a(lib_a-fclose.o)
 .comment       0x0000000000000033       0x34 /usr/lib/gcc/arm-none-eabi/10.3.1/../../../arm-none-eabi/lib/thumb/v7e-m/nofp/libg.a(lib_a-fiprintf.o)
 .comment       0x0000000000000033       0x34 /usr/lib/gcc/arm-none-eabi/10.3.1/../../../arm-none-eabi/lib/thumb/v7e-m/nofp/libg.a(lib_a-fputwc.o)
 .comment       0x0000000000000033       0x34 /usr/lib/gcc/arm-none-eabi/10.3.1/../../../arm-none-eabi/lib/thumb/v7e-m/nofp/libg.a(lib_a-fstatr.o)
 .comment       0x0000000000000033       0x34 /usr/lib/gcc/arm-none-eabi/10.3.1/../../../arm-none-eabi/lib/thumb/v7e-m/nofp/libg.a(lib_a-fvwrite.o)
 .comment       0x0000000000000033       0x34 /usr/lib/gcc/arm-none-eabi/10.3.1/../../../arm-none-eabi/lib/thumb/v7e-m/nofp/libg.a(lib_a-isattyr.o)
 .comment       0x0000000000000033       0x34 /usr/lib/gcc/arm-none-eabi/10.3.1/../../../arm-none-eabi/lib/thumb/v7e-m/nofp/libg.a(lib_a-locale.o)
 .comment       0x0000000000000033       0x34 /usr/lib/gcc/arm-none-eabi/10.3.1/../../../arm-none-eabi/lib/thumb/v7e-m/nofp/libg.a(lib_a-lseekr.o)
 .comment       0x0000000000000033       0x34 /usr/lib/gcc/arm-none-eabi/10.3.1/../../../arm-none-eabi/lib/thumb/v7e-m/nofp/libg.a(lib_a-mbtowc_r.o)
 .comment       0x0000000000000033       0x34 /usr/lib/gcc/arm-none-eabi/10.3.1/../../../arm-none-eabi/lib/thumb/v7e-m/nofp/libg.a(lib_a-memmove.o)
 .comment       0x0000000000000033       0x34 /usr/lib/gcc/arm-none-eabi/10.3.1/../../../arm-none-eabi/lib/thumb/v7e-m/nofp/libg.a(lib_a-readr.o)
 .comment       0x0000000000000033       0x34 /usr/lib/gcc/arm-none-eabi/10.3.1/../../../arm-none-eabi/lib/thumb/v7e-m/nofp/libg.a(lib_a-reallocr.o)
 .comment       0x0000000000000033       0x34 /usr/lib/gcc/arm-none-eabi/10.3.1/../../../arm-none-eabi/lib/thumb/v7e-m/nofp/libg.a(lib_a-reent.o)
 .comment       0x0000000000000033       0x34 /usr/lib/gcc/arm-none-eabi/10.3.1/../../../arm-none-eabi/lib/thumb/v7e-m/nofp/libg.a(lib_a-wbuf.o)
 .comment       0x0000000000000033       0x34 /usr/lib/gcc/arm-none-eabi/10.3.1/../../../arm-none-eabi/lib/thumb/v7e-m/nofp/libg.a(lib_a-wcrtomb.o)
 .comment       0x0000000000000033       0x34 /usr/lib/gcc/arm-none-eabi/10.3.1/../../../arm-none-eabi/lib/thumb/v7e-m/nofp/libg.a(lib_a-wctomb_r.o)
 .comment       0x0000000000000033       0x34 /usr/lib/gcc/arm-none-eabi/10.3.1/../../../arm-none-eabi/lib/thumb/v7e-m/nofp/libg.a(lib_a-abort.o)
 .comment       0x0000000000000033       0x34 /usr/lib/gcc/arm-none-eabi/10.3.1/../../../arm-none-eabi/lib/thumb/v7e-m/nofp/libg.a(lib_a-ctype_.o)
 .comment       0x0000000000000033       0x34 /usr/lib/gcc/arm-none-eabi/10.3.1/../../../arm-none-eabi/lib/thumb/v7e-m/nofp/libg.a(lib_a-signal.o)
 .comment       0x0000000000000033       0x34 /usr/lib/gcc/arm-none-eabi/10.3.1/../../../arm-none-eabi/lib/thumb/v7e-m/nofp/libg.a(lib_a-signalr.o)
 .comment       0x0000000000000033       0x34 /usr/lib/gcc/arm-none-eabi/10.3.1/thumb/v7e-m/nofp/crtend.o

.debug_info     0x0000000000000000    0x33222
 .debug_info    0x0000000000000000      0x693 CMakeFiles/Increasing_PI.elf.dir/Core/Src/gpio.c.obj
 .debug_info    0x0000000000000693     0x10e8 CMakeFiles/Increasing_PI.elf.dir/Core/Src/main.c.obj
 .debug_info    0x000000000000177b      0x2c4 CMakeFiles/Increasing_PI.elf.dir/Core/Src/stm32f4xx_hal_msp.c.obj
 .debug_info    0x0000000000001a3f      0x796 CMakeFiles/Increasing_PI.elf.dir/Core/Src/stm32f4xx_it.c.obj
 .debug_info    0x00000000000021d5      0x7af CMakeFiles/Increasing_PI.elf.dir/Core/Src/syscalls.c.obj
 .debug_info    0x0000000000002984      0x15c CMakeFiles/Increasing_PI.elf.dir/Core/Src/sysmem.c.obj
 .debug_info    0x0000000000002ae0      0x391 CMakeFiles/Increasing_PI.elf.dir/Core/Src/system_stm32f4xx.c.obj
 .debug_info    0x0000000000002e71      0xf2a CMakeFiles/Increasing_PI.elf.dir/Core/Src/tim.c.obj
 .debug_info    0x0000000000003d9b      0xa34 CMakeFiles/Increasing_PI.elf.dir/Core/Src/usart.c.obj
 .debug_info    0x00000000000047cf       0x22 CMakeFiles/Increasing_PI.elf.dir/Core/Startup/startup_stm32f401ccux.s.obj
 .debug_info    0x00000000000047f1      0x96e CMakeFiles/Increasing_PI.elf.dir/Drivers/STM32F4xx_HAL_Driver/Src/stm32f4xx_hal.c.obj
 .debug_info    0x000000000000515f      0xfde CMakeFiles/Increasing_PI.elf.dir/Drivers/STM32F4xx_HAL_Driver/Src/stm32f4xx_hal_cortex.c.obj
 .debug_info    0x000000000000613d      0x7b0 CMakeFiles/Increasing_PI.elf.dir/Drivers/STM32F4xx_HAL_Driver/Src/stm32f4xx_hal_gpio.c.obj
 .debug_info    0x00000000000068ed      0xaf9 CMakeFiles/Increasing_PI.elf.dir/Drivers/STM32F4xx_HAL_Driver/Src/stm32f4xx_hal_rcc.c.obj
 .debug_info    0x00000000000073e6     0x3d3b CMakeFiles/Increasing_PI.elf.dir/Drivers/STM32F4xx_HAL_Driver/Src/stm32f4xx_hal_tim.c.obj
 .debug_info    0x000000000000b121     0x1abe CMakeFiles/Increasing_PI.elf.dir/Drivers/STM32F4xx_HAL_Driver/Src/stm32f4xx_hal_tim_ex.c.obj
 .debug_info    0x000000000000cbdf     0x4216 CMakeFiles/Increasing_PI.elf.dir/Drivers/STM32F4xx_HAL_Driver/Src/stm32f4xx_hal_uart.c.obj
 .debug_info    0x0000000000010df5       0x26 /usr/lib/gcc/arm-none-eabi/10.3.1/thumb/v7e-m/nofp/libgcc.a(_arm_addsubdf3.o)
 .debug_info    0x0000000000010e1b       0x26 /usr/lib/gcc/arm-none-eabi/10.3.1/thumb/v7e-m/nofp/libgcc.a(_arm_muldivdf3.o)
 .debug_info    0x0000000000010e41       0x26 /usr/lib/gcc/arm-none-eabi/10.3.1/thumb/v7e-m/nofp/libgcc.a(_arm_cmpdf2.o)
 .debug_info    0x0000000000010e67       0x26 /usr/lib/gcc/arm-none-eabi/10.3.1/thumb/v7e-m/nofp/libgcc.a(_arm_fixunsdfsi.o)
 .debug_info    0x0000000000010e8d       0x26 /usr/lib/gcc/arm-none-eabi/10.3.1/thumb/v7e-m/nofp/libgcc.a(_aeabi_uldivmod.o)
 .debug_info    0x0000000000010eb3      0x717 /usr/lib/gcc/arm-none-eabi/10.3.1/thumb/v7e-m/nofp/libgcc.a(_udivmoddi4.o)
 .debug_info    0x00000000000115ca       0x26 /usr/lib/gcc/arm-none-eabi/10.3.1/thumb/v7e-m/nofp/libgcc.a(_dvmd_tls.o)
 .debug_info    0x00000000000115f0      0x100 /usr/lib/gcc/arm-none-eabi/10.3.1/../../../arm-none-eabi/lib/thumb/v7e-m/nofp/libg.a(lib_a-atexit.o)
 .debug_info    0x00000000000116f0      0x914 /usr/lib/gcc/arm-none-eabi/10.3.1/../../../arm-none-eabi/lib/thumb/v7e-m/nofp/libg.a(lib_a-errno.o)
 .debug_info    0x0000000000012004      0x102 /usr/lib/gcc/arm-none-eabi/10.3.1/../../../arm-none-eabi/lib/thumb/v7e-m/nofp/libg.a(lib_a-fini.o)
 .debug_info    0x0000000000012106      0x92a /usr/lib/gcc/arm-none-eabi/10.3.1/../../../arm-none-eabi/lib/thumb/v7e-m/nofp/libg.a(lib_a-impure.o)
 .debug_info    0x0000000000012a30      0x11a /usr/lib/gcc/arm-none-eabi/10.3.1/../../../arm-none-eabi/lib/thumb/v7e-m/nofp/libg.a(lib_a-init.o)
 .debug_info    0x0000000000012b4a      0x137 /usr/lib/gcc/arm-none-eabi/10.3.1/../../../arm-none-eabi/lib/thumb/v7e-m/nofp/libg.a(lib_a-memset.o)
 .debug_info    0x0000000000012c81      0xa31 /usr/lib/gcc/arm-none-eabi/10.3.1/../../../arm-none-eabi/lib/thumb/v7e-m/nofp/libg.a(lib_a-printf.o)
 .debug_info    0x00000000000136b2     0x1b17 /usr/lib/gcc/arm-none-eabi/10.3.1/../../../arm-none-eabi/lib/thumb/v7e-m/nofp/libg.a(lib_a-vfprintf.o)
 .debug_info    0x00000000000151c9      0x9c2 /usr/lib/gcc/arm-none-eabi/10.3.1/../../../arm-none-eabi/lib/thumb/v7e-m/nofp/libg.a(lib_a-wsetup.o)
 .debug_info    0x0000000000015b8b      0x9b0 /usr/lib/gcc/arm-none-eabi/10.3.1/../../../arm-none-eabi/lib/thumb/v7e-m/nofp/libg.a(lib_a-__atexit.o)
 .debug_info    0x000000000001653b      0xa3d /usr/lib/gcc/arm-none-eabi/10.3.1/../../../arm-none-eabi/lib/thumb/v7e-m/nofp/libg.a(lib_a-__call_atexit.o)
 .debug_info    0x0000000000016f78     0x1a58 /usr/lib/gcc/arm-none-eabi/10.3.1/../../../arm-none-eabi/lib/thumb/v7e-m/nofp/libg.a(lib_a-dtoa.o)
 .debug_info    0x00000000000189d0      0xbe0 /usr/lib/gcc/arm-none-eabi/10.3.1/../../../arm-none-eabi/lib/thumb/v7e-m/nofp/libg.a(lib_a-fflush.o)
 .debug_info    0x00000000000195b0      0xf66 /usr/lib/gcc/arm-none-eabi/10.3.1/../../../arm-none-eabi/lib/thumb/v7e-m/nofp/libg.a(lib_a-findfp.o)
 .debug_info    0x000000000001a516      0xd10 /usr/lib/gcc/arm-none-eabi/10.3.1/../../../arm-none-eabi/lib/thumb/v7e-m/nofp/libg.a(lib_a-freer.o)
 .debug_info    0x000000000001b226      0xa66 /usr/lib/gcc/arm-none-eabi/10.3.1/../../../arm-none-eabi/lib/thumb/v7e-m/nofp/libg.a(lib_a-fwalk.o)
 .debug_info    0x000000000001bc8c      0xc3e /usr/lib/gcc/arm-none-eabi/10.3.1/../../../arm-none-eabi/lib/thumb/v7e-m/nofp/libg.a(lib_a-localeconv.o)
 .debug_info    0x000000000001c8ca      0xdf2 /usr/lib/gcc/arm-none-eabi/10.3.1/../../../arm-none-eabi/lib/thumb/v7e-m/nofp/libg.a(lib_a-makebuf.o)
 .debug_info    0x000000000001d6bc      0xe95 /usr/lib/gcc/arm-none-eabi/10.3.1/../../../arm-none-eabi/lib/thumb/v7e-m/nofp/libg.a(lib_a-mallocr.o)
 .debug_info    0x000000000001e551       0x26 /usr/lib/gcc/arm-none-eabi/10.3.1/../../../arm-none-eabi/lib/thumb/v7e-m/nofp/libg.a(lib_a-memchr.o)
 .debug_info    0x000000000001e577       0x26 /usr/lib/gcc/arm-none-eabi/10.3.1/../../../arm-none-eabi/lib/thumb/v7e-m/nofp/libg.a(lib_a-memcpy.o)
 .debug_info    0x000000000001e59d      0x942 /usr/lib/gcc/arm-none-eabi/10.3.1/../../../arm-none-eabi/lib/thumb/v7e-m/nofp/libg.a(lib_a-mlock.o)
 .debug_info    0x000000000001eedf     0x20ca /usr/lib/gcc/arm-none-eabi/10.3.1/../../../arm-none-eabi/lib/thumb/v7e-m/nofp/libg.a(lib_a-mprec.o)
 .debug_info    0x0000000000020fa9      0x98e /usr/lib/gcc/arm-none-eabi/10.3.1/../../../arm-none-eabi/lib/thumb/v7e-m/nofp/libg.a(lib_a-sbrkr.o)
 .debug_info    0x0000000000021937      0xc22 /usr/lib/gcc/arm-none-eabi/10.3.1/../../../arm-none-eabi/lib/thumb/v7e-m/nofp/libg.a(lib_a-stdio.o)
 .debug_info    0x0000000000022559       0x26 /usr/lib/gcc/arm-none-eabi/10.3.1/../../../arm-none-eabi/lib/thumb/v7e-m/nofp/libg.a(lib_a-strlen.o)
 .debug_info    0x000000000002257f     0x1926 /usr/lib/gcc/arm-none-eabi/10.3.1/../../../arm-none-eabi/lib/thumb/v7e-m/nofp/libg.a(lib_a-vfiprintf.o)
 .debug_info    0x0000000000023ea5      0x9c0 /usr/lib/gcc/arm-none-eabi/10.3.1/../../../arm-none-eabi/lib/thumb/v7e-m/nofp/libg.a(lib_a-writer.o)
 .debug_info    0x0000000000024865      0xa23 /usr/lib/gcc/arm-none-eabi/10.3.1/../../../arm-none-eabi/lib/thumb/v7e-m/nofp/libg.a(lib_a-assert.o)
 .debug_info    0x0000000000025288      0xa81 /usr/lib/gcc/arm-none-eabi/10.3.1/../../../arm-none-eabi/lib/thumb/v7e-m/nofp/libg.a(lib_a-callocr.o)
 .debug_info    0x0000000000025d09      0x96b /usr/lib/gcc/arm-none-eabi/10.3.1/../../../arm-none-eabi/lib/thumb/v7e-m/nofp/libg.a(lib_a-closer.o)
 .debug_info    0x0000000000026674      0xb4a /usr/lib/gcc/arm-none-eabi/10.3.1/../../../arm-none-eabi/lib/thumb/v7e-m/nofp/libg.a(lib_a-fclose.o)
 .debug_info    0x00000000000271be      0xa5f /usr/lib/gcc/arm-none-eabi/10.3.1/../../../arm-none-eabi/lib/thumb/v7e-m/nofp/libg.a(lib_a-fiprintf.o)
 .debug_info    0x0000000000027c1d      0xc19 /usr/lib/gcc/arm-none-eabi/10.3.1/../../../arm-none-eabi/lib/thumb/v7e-m/nofp/libg.a(lib_a-fputwc.o)
 .debug_info    0x0000000000028836      0xb83 /usr/lib/gcc/arm-none-eabi/10.3.1/../../../arm-none-eabi/lib/thumb/v7e-m/nofp/libg.a(lib_a-fstatr.o)
 .debug_info    0x00000000000293b9      0xcbb /usr/lib/gcc/arm-none-eabi/10.3.1/../../../arm-none-eabi/lib/thumb/v7e-m/nofp/libg.a(lib_a-fvwrite.o)
 .debug_info    0x000000000002a074      0x96b /usr/lib/gcc/arm-none-eabi/10.3.1/../../../arm-none-eabi/lib/thumb/v7e-m/nofp/libg.a(lib_a-isattyr.o)
 .debug_info    0x000000000002a9df      0xe0a /usr/lib/gcc/arm-none-eabi/10.3.1/../../../arm-none-eabi/lib/thumb/v7e-m/nofp/libg.a(lib_a-locale.o)
 .debug_info    0x000000000002b7e9      0x9a1 /usr/lib/gcc/arm-none-eabi/10.3.1/../../../arm-none-eabi/lib/thumb/v7e-m/nofp/libg.a(lib_a-lseekr.o)
 .debug_info    0x000000000002c18a      0xccd /usr/lib/gcc/arm-none-eabi/10.3.1/../../../arm-none-eabi/lib/thumb/v7e-m/nofp/libg.a(lib_a-mbtowc_r.o)
 .debug_info    0x000000000002ce57      0x152 /usr/lib/gcc/arm-none-eabi/10.3.1/../../../arm-none-eabi/lib/thumb/v7e-m/nofp/libg.a(lib_a-memmove.o)
 .debug_info    0x000000000002cfa9      0x9b9 /usr/lib/gcc/arm-none-eabi/10.3.1/../../../arm-none-eabi/lib/thumb/v7e-m/nofp/libg.a(lib_a-readr.o)
 .debug_info    0x000000000002d962      0xdb4 /usr/lib/gcc/arm-none-eabi/10.3.1/../../../arm-none-eabi/lib/thumb/v7e-m/nofp/libg.a(lib_a-reallocr.o)
 .debug_info    0x000000000002e716      0xbda /usr/lib/gcc/arm-none-eabi/10.3.1/../../../arm-none-eabi/lib/thumb/v7e-m/nofp/libg.a(lib_a-reent.o)
 .debug_info    0x000000000002f2f0       0x26 /usr/lib/gcc/arm-none-eabi/10.3.1/../../../arm-none-eabi/lib/thumb/v7e-m/nofp/libg.a(lib_a-strcmp.o)
 .debug_info    0x000000000002f316      0xa5f /usr/lib/gcc/arm-none-eabi/10.3.1/../../../arm-none-eabi/lib/thumb/v7e-m/nofp/libg.a(lib_a-wbuf.o)
 .debug_info    0x000000000002fd75      0xd4f /usr/lib/gcc/arm-none-eabi/10.3.1/../../../arm-none-eabi/lib/thumb/v7e-m/nofp/libg.a(lib_a-wcrtomb.o)
 .debug_info    0x0000000000030ac4      0xc86 /usr/lib/gcc/arm-none-eabi/10.3.1/../../../arm-none-eabi/lib/thumb/v7e-m/nofp/libg.a(lib_a-wctomb_r.o)
 .debug_info    0x000000000003174a       0xcb /usr/lib/gcc/arm-none-eabi/10.3.1/../../../arm-none-eabi/lib/thumb/v7e-m/nofp/libg.a(lib_a-abort.o)
 .debug_info    0x0000000000031815       0xb8 /usr/lib/gcc/arm-none-eabi/10.3.1/../../../arm-none-eabi/lib/thumb/v7e-m/nofp/libg.a(lib_a-ctype_.o)
 .debug_info    0x00000000000318cd      0xf32 /usr/lib/gcc/arm-none-eabi/10.3.1/../../../arm-none-eabi/lib/thumb/v7e-m/nofp/libg.a(lib_a-signal.o)
 .debug_info    0x00000000000327ff      0x9d7 /usr/lib/gcc/arm-none-eabi/10.3.1/../../../arm-none-eabi/lib/thumb/v7e-m/nofp/libg.a(lib_a-signalr.o)
 .debug_info    0x00000000000331d6       0x26 /usr/lib/gcc/arm-none-eabi/10.3.1/thumb/v7e-m/nofp/libgcc.a(_arm_unorddf2.o)
 .debug_info    0x00000000000331fc       0x26 /usr/lib/gcc/arm-none-eabi/10.3.1/thumb/v7e-m/nofp/libgcc.a(_arm_fixdfsi.o)

.debug_abbrev   0x0000000000000000     0x926e
 .debug_abbrev  0x0000000000000000      0x16a CMakeFiles/Increasing_PI.elf.dir/Core/Src/gpio.c.obj
 .debug_abbrev  0x000000000000016a      0x2a5 CMakeFiles/Increasing_PI.elf.dir/Core/Src/main.c.obj
 .debug_abbrev  0x000000000000040f       0xd1 CMakeFiles/Increasing_PI.elf.dir/Core/Src/stm32f4xx_hal_msp.c.obj
 .debug_abbrev  0x00000000000004e0      0x1b4 CMakeFiles/Increasing_PI.elf.dir/Core/Src/stm32f4xx_it.c.obj
 .debug_abbrev  0x0000000000000694      0x1a3 CMakeFiles/Increasing_PI.elf.dir/Core/Src/syscalls.c.obj
 .debug_abbrev  0x0000000000000837       0xe7 CMakeFiles/Increasing_PI.elf.dir/Core/Src/sysmem.c.obj
 .debug_abbrev  0x000000000000091e      0x119 CMakeFiles/Increasing_PI.elf.dir/Core/Src/system_stm32f4xx.c.obj
 .debug_abbrev  0x0000000000000a37      0x200 CMakeFiles/Increasing_PI.elf.dir/Core/Src/tim.c.obj
 .debug_abbrev  0x0000000000000c37      0x20c CMakeFiles/Increasing_PI.elf.dir/Core/Src/usart.c.obj
 .debug_abbrev  0x0000000000000e43       0x12 CMakeFiles/Increasing_PI.elf.dir/Core/Startup/startup_stm32f401ccux.s.obj
 .debug_abbrev  0x0000000000000e55      0x237 CMakeFiles/Increasing_PI.elf.dir/Drivers/STM32F4xx_HAL_Driver/Src/stm32f4xx_hal.c.obj
 .debug_abbrev  0x000000000000108c      0x36a CMakeFiles/Increasing_PI.elf.dir/Drivers/STM32F4xx_HAL_Driver/Src/stm32f4xx_hal_cortex.c.obj
 .debug_abbrev  0x00000000000013f6      0x1ef CMakeFiles/Increasing_PI.elf.dir/Drivers/STM32F4xx_HAL_Driver/Src/stm32f4xx_hal_gpio.c.obj
 .debug_abbrev  0x00000000000015e5      0x28a CMakeFiles/Increasing_PI.elf.dir/Drivers/STM32F4xx_HAL_Driver/Src/stm32f4xx_hal_rcc.c.obj
 .debug_abbrev  0x000000000000186f      0x23c CMakeFiles/Increasing_PI.elf.dir/Drivers/STM32F4xx_HAL_Driver/Src/stm32f4xx_hal_tim.c.obj
 .debug_abbrev  0x0000000000001aab      0x252 CMakeFiles/Increasing_PI.elf.dir/Drivers/STM32F4xx_HAL_Driver/Src/stm32f4xx_hal_tim_ex.c.obj
 .debug_abbrev  0x0000000000001cfd      0x30e CMakeFiles/Increasing_PI.elf.dir/Drivers/STM32F4xx_HAL_Driver/Src/stm32f4xx_hal_uart.c.obj
 .debug_abbrev  0x000000000000200b       0x14 /usr/lib/gcc/arm-none-eabi/10.3.1/thumb/v7e-m/nofp/libgcc.a(_arm_addsubdf3.o)
 .debug_abbrev  0x000000000000201f       0x14 /usr/lib/gcc/arm-none-eabi/10.3.1/thumb/v7e-m/nofp/libgcc.a(_arm_muldivdf3.o)
 .debug_abbrev  0x0000000000002033       0x14 /usr/lib/gcc/arm-none-eabi/10.3.1/thumb/v7e-m/nofp/libgcc.a(_arm_cmpdf2.o)
 .debug_abbrev  0x0000000000002047       0x14 /usr/lib/gcc/arm-none-eabi/10.3.1/thumb/v7e-m/nofp/libgcc.a(_arm_fixunsdfsi.o)
 .debug_abbrev  0x000000000000205b       0x14 /usr/lib/gcc/arm-none-eabi/10.3.1/thumb/v7e-m/nofp/libgcc.a(_aeabi_uldivmod.o)
 .debug_abbrev  0x000000000000206f      0x163 /usr/lib/gcc/arm-none-eabi/10.3.1/thumb/v7e-m/nofp/libgcc.a(_udivmoddi4.o)
 .debug_abbrev  0x00000000000021d2       0x14 /usr/lib/gcc/arm-none-eabi/10.3.1/thumb/v7e-m/nofp/libgcc.a(_dvmd_tls.o)
 .debug_abbrev  0x00000000000021e6       0xb7 /usr/lib/gcc/arm-none-eabi/10.3.1/../../../arm-none-eabi/lib/thumb/v7e-m/nofp/libg.a(lib_a-atexit.o)
 .debug_abbrev  0x000000000000229d      0x1be /usr/lib/gcc/arm-none-eabi/10.3.1/../../../arm-none-eabi/lib/thumb/v7e-m/nofp/libg.a(lib_a-errno.o)
 .debug_abbrev  0x000000000000245b       0xcf /usr/lib/gcc/arm-none-eabi/10.3.1/../../../arm-none-eabi/lib/thumb/v7e-m/nofp/libg.a(lib_a-fini.o)
 .debug_abbrev  0x000000000000252a      0x1b8 /usr/lib/gcc/arm-none-eabi/10.3.1/../../../arm-none-eabi/lib/thumb/v7e-m/nofp/libg.a(lib_a-impure.o)
 .debug_abbrev  0x00000000000026e2       0xcc /usr/lib/gcc/arm-none-eabi/10.3.1/../../../arm-none-eabi/lib/thumb/v7e-m/nofp/libg.a(lib_a-init.o)
 .debug_abbrev  0x00000000000027ae       0xb4 /usr/lib/gcc/arm-none-eabi/10.3.1/../../../arm-none-eabi/lib/thumb/v7e-m/nofp/libg.a(lib_a-memset.o)
 .debug_abbrev  0x0000000000002862      0x27a /usr/lib/gcc/arm-none-eabi/10.3.1/../../../arm-none-eabi/lib/thumb/v7e-m/nofp/libg.a(lib_a-printf.o)
 .debug_abbrev  0x0000000000002adc      0x44f /usr/lib/gcc/arm-none-eabi/10.3.1/../../../arm-none-eabi/lib/thumb/v7e-m/nofp/libg.a(lib_a-vfprintf.o)
 .debug_abbrev  0x0000000000002f2b      0x246 /usr/lib/gcc/arm-none-eabi/10.3.1/../../../arm-none-eabi/lib/thumb/v7e-m/nofp/libg.a(lib_a-wsetup.o)